Removed Pin From Net: NetName=ENC1A Pin=X8-3
Removed Pin From Net: NetName=ENC1B Pin=X8-4
Removed Pin From Net: NetName=ServoA Pin=X8-5
Removed Pin From Net: NetName=ServoB Pin=X8-6
Removed Pin From Net: NetName=LED1 Pin=X8-7
Removed Pin From Net: NetName=LED2 Pin=X8-8
Removed Pin From Net: NetName=LED3 Pin=X8-9
Removed Pin From Net: NetName=LED Pin=X8-10
Removed Pin From Net: NetName=MotEn1A Pin=X8-11
Removed Pin From Net: NetName=MotEn2A Pin=X8-12
Removed Pin From Net: NetName=MotEn1B Pin=X8-13
Removed Pin From Net: NetName=MotEn2B Pin=X8-14
Removed Pin From Net: NetName=MotIn1A Pin=X8-15
Removed Pin From Net: NetName=MotIn2A Pin=X8-16
Removed Pin From Net: NetName=MotIn3A Pin=X8-17
Removed Pin From Net: NetName=MotIn4A Pin=X8-18
Removed Pin From Net: NetName=ENC1C Pin=X8-19
Removed Pin From Net: NetName=ENC1D Pin=X8-20
Removed Pin From Net: NetName=SDA Pin=X8-21
Removed Pin From Net: NetName=SCL Pin=X8-22
Removed Pin From Net: NetName=MotIn1B Pin=X8-23
Removed Pin From Net: NetName=MotIn2B Pin=X8-24
Removed Pin From Net: NetName=MotIn3B Pin=X8-25
Removed Pin From Net: NetName=MotIn4B Pin=X8-26
Removed Pin From Net: NetName=BTN1 Pin=X8-27
Removed Pin From Net: NetName=BTN2 Pin=X8-28
Removed Pin From Net: NetName=BTN3 Pin=X8-29
Removed Pin From Net: NetName=TX Pin=X8-30
Removed Pin From Net: NetName=RX Pin=X8-31
Removed Pin From Net: NetName=SDA_Soft Pin=X8-41
Removed Pin From Net: NetName=SCL_Soft Pin=X8-42
Removed Pin From Net: NetName=Voltage Pin=X8-43
Removed Pin From Net: NetName=Sound Pin=X8-45
Removed Pin From Net: NetName=ENC2A Pin=X8-47
Removed Pin From Net: NetName=ENC2B Pin=X8-48
Removed Pin From Net: NetName=ENC2C Pin=X8-49
Removed Pin From Net: NetName=ENC2D Pin=X8-50
Removed Pin From Net: NetName=XSHUT1 Pin=X8-64
Removed Pin From Net: NetName=XSHUT2 Pin=X8-65
Added Member To Class: ClassName=Ý3_2 Member=Component X15 XT30
