Added Pin To Net: NetName=ENC1A Pin=X7-3
Added Pin To Net: NetName=ENC1B Pin=X7-4
Added Pin To Net: NetName=ENC2A Pin=X7-5
Added Pin To Net: NetName=ENC2B Pin=X7-6
Added Pin To Net: NetName=XSHUT1 Pin=X7-7
Added Pin To Net: NetName=XSHUT2 Pin=X7-8
Added Pin To Net: NetName=MotIn1A Pin=X7-9
Added Pin To Net: NetName=MotIn2A Pin=X7-10
Added Pin To Net: NetName=MotIn3A Pin=X7-11
Added Pin To Net: NetName=MotIn4A Pin=X7-12
Added Pin To Net: NetName=MotIn1B Pin=X7-13
Added Pin To Net: NetName=MotIn2B Pin=X7-14
Added Pin To Net: NetName=MotIn3B Pin=X7-15
Added Pin To Net: NetName=MotIn4B Pin=X7-16
Added Pin To Net: NetName=ENC2C Pin=X7-17
Added Pin To Net: NetName=ENC2D Pin=X7-18
Added Pin To Net: NetName=ENC1C Pin=X7-19
Added Pin To Net: NetName=ENC1D Pin=X7-20
Added Pin To Net: NetName=ServoA Pin=X7-24
Added Pin To Net: NetName=ServoB Pin=X7-25
Added Pin To Net: NetName=LED1 Pin=X7-26
Added Pin To Net: NetName=LED2 Pin=X7-27
Added Pin To Net: NetName=LED3 Pin=X7-28
Added Pin To Net: NetName=LED Pin=X7-29
Added Pin To Net: NetName=BTN1 Pin=X7-30
Added Pin To Net: NetName=BTN2 Pin=X7-31
Added Pin To Net: NetName=BTN3 Pin=X7-32
Added Pin To Net: NetName=Sound Pin=L1-1
Added Pin To Net: NetName=Sound Pin=X7-23
Added Net: Name=Sound
