Removed Pin From Net: NetName=MOT2A Pin=DA1-5
Removed Pin From Net: NetName=MOT1B Pin=DA1-16
Removed Pin From Net: NetName=MOT2A Pin=VD1-2
Removed Pin From Net: NetName=MOT1B Pin=VD4-1
Removed Pin From Net: NetName=MOT1B Pin=VD12-2
Removed Pin From Net: NetName=MOT2A Pin=X8-2
Removed Pin From Net: NetName=+5B Pin=X8-5
Removed Pin From Net: NetName=GND Pin=X8-6
Removed Pin From Net: NetName=MOT2C Pin=X9-2
Removed Pin From Net: NetName=+5B_Logic Pin=X9-5
Removed Pin From Net: NetName=GND Pin=X9-6
Removed Pin From Net: NetName=MOT2B Pin=X10-2
Removed Pin From Net: NetName=+5B Pin=X10-5
Removed Pin From Net: NetName=GND Pin=X10-6
Removed Pin From Net: NetName=MOT2D Pin=X11-2
Removed Pin From Net: NetName=+5B_Logic Pin=X11-5
Removed Pin From Net: NetName=GND Pin=X11-6
Change component parameters: Designator = "X5" ("X5"); Footprint = "CWF-5"; UniqueID = "\KRZTOBXM" ("\KRZTOBXM")
Change component parameters (AddParameter): Name = "Contact_1"; Value = "SDA"; VariantName = "[No Variations]"
Change component parameters (AddParameter): Name = "Contact_2"; Value = "SCL"; VariantName = "[No Variations]"
Change component parameters (AddParameter): Name = "Contact_3"; Value = "XSHUT"; VariantName = "[No Variations]"
Change component parameters (AddParameter): Name = "Contact_4"; Value = "VCC"; VariantName = "[No Variations]"
Change component parameters (AddParameter): Name = "Contact_5"; Value = "Contact_5"; VariantName = "[No Variations]"
Change component parameters (AddParameter): Name = "Contact_6"; Value = "Contact_6"; VariantName = "[No Variations]"
Change component parameters (AddParameter): Name = "Name"; Value = "DS1069-5M (CWF-5)"; VariantName = "[No Variations]"
Change component parameters: Designator = "X4" ("X4"); Footprint = "CWF-5"; UniqueID = "\UTACSVLP" ("\UTACSVLP")
Change component parameters (AddParameter): Name = "Contact_1"; Value = "SDA"; VariantName = "[No Variations]"
Change component parameters (AddParameter): Name = "Contact_2"; Value = "SCL"; VariantName = "[No Variations]"
Change component parameters (AddParameter): Name = "Contact_3"; Value = "XSHUT"; VariantName = "[No Variations]"
Change component parameters (AddParameter): Name = "Contact_4"; Value = "VCC"; VariantName = "[No Variations]"
Change component parameters (AddParameter): Name = "Contact_5"; Value = "GND"; VariantName = "[No Variations]"
Change component parameters (AddParameter): Name = "Contact_6"; Value = "Contact_6"; VariantName = "[No Variations]"
Change component parameters (AddParameter): Name = "Name"; Value = "DS1069-5M (CWF-5)"; VariantName = "[No Variations]"
Change component parameters: Designator = "X8" ("X8"); Footprint = "CWF-6"; UniqueID = "\CVIBZFIS" ("\CVIBZFIS")
Change component parameters (AddParameter): Name = "Contact_1"; Value = "MOT1"; VariantName = "[No Variations]"
Change component parameters (AddParameter): Name = "Contact_2"; Value = "VCC"; VariantName = "[No Variations]"
Change component parameters (AddParameter): Name = "Contact_3"; Value = "ENC1"; VariantName = "[No Variations]"
Change component parameters (AddParameter): Name = "Contact_4"; Value = "ENC2"; VariantName = "[No Variations]"
Change component parameters (AddParameter): Name = "Contact_5"; Value = "GND"; VariantName = "[No Variations]"
Change component parameters (AddParameter): Name = "Contact_6"; Value = "MOT2"; VariantName = "[No Variations]"
Change component parameters (AddParameter): Name = "Name"; Value = "DS1069-6M (CWF-6)"; VariantName = "[No Variations]"
Change component parameters: Designator = "X9" ("X9"); Footprint = "CWF-6"; UniqueID = "\KYAIHAUK" ("\KYAIHAUK")
Change component parameters (AddParameter): Name = "Contact_1"; Value = "MOT1"; VariantName = "[No Variations]"
Change component parameters (AddParameter): Name = "Contact_2"; Value = "VCC"; VariantName = "[No Variations]"
Change component parameters (AddParameter): Name = "Contact_3"; Value = "ENC1"; VariantName = "[No Variations]"
Change component parameters (AddParameter): Name = "Contact_4"; Value = "ENC2"; VariantName = "[No Variations]"
Change component parameters (AddParameter): Name = "Contact_5"; Value = "GND"; VariantName = "[No Variations]"
Change component parameters (AddParameter): Name = "Contact_6"; Value = "MOT2"; VariantName = "[No Variations]"
Change component parameters (AddParameter): Name = "Name"; Value = "DS1069-6M (CWF-6)"; VariantName = "[No Variations]"
Change component parameters: Designator = "X10" ("X10"); Footprint = "CWF-6"; UniqueID = "\JKANOLNW" ("\JKANOLNW")
Change component parameters (AddParameter): Name = "Contact_1"; Value = "MOT1"; VariantName = "[No Variations]"
Change component parameters (AddParameter): Name = "Contact_2"; Value = "VCC"; VariantName = "[No Variations]"
Change component parameters (AddParameter): Name = "Contact_3"; Value = "ENC1"; VariantName = "[No Variations]"
Change component parameters (AddParameter): Name = "Contact_4"; Value = "ENC2"; VariantName = "[No Variations]"
Change component parameters (AddParameter): Name = "Contact_5"; Value = "GND"; VariantName = "[No Variations]"
Change component parameters (AddParameter): Name = "Contact_6"; Value = "MOT2"; VariantName = "[No Variations]"
Change component parameters (AddParameter): Name = "Name"; Value = "DS1069-6M (CWF-6)"; VariantName = "[No Variations]"
Change component parameters: Designator = "X11" ("X11"); Footprint = "CWF-6"; UniqueID = "\EGTFNTDZ" ("\EGTFNTDZ")
Change component parameters (AddParameter): Name = "Contact_1"; Value = "MOT1"; VariantName = "[No Variations]"
Change component parameters (AddParameter): Name = "Contact_2"; Value = "VCC"; VariantName = "[No Variations]"
Change component parameters (AddParameter): Name = "Contact_3"; Value = "ENC1"; VariantName = "[No Variations]"
Change component parameters (AddParameter): Name = "Contact_4"; Value = "ENC2"; VariantName = "[No Variations]"
Change component parameters (AddParameter): Name = "Contact_5"; Value = "GND"; VariantName = "[No Variations]"
Change component parameters (AddParameter): Name = "Contact_6"; Value = "MOT2"; VariantName = "[No Variations]"
Change component parameters (AddParameter): Name = "Name"; Value = "DS1069-6M (CWF-6)"; VariantName = "[No Variations]"
Added Pin To Net: NetName=MOT2B Pin=DA1-5
Added Pin To Net: NetName=MOT2B Pin=DA1-16
Added Pin To Net: NetName=MOT2B Pin=VD1-2
Added Pin To Net: NetName=MOT2B Pin=VD4-1
Added Pin To Net: NetName=MOT2B Pin=VD12-2
Added Pin To Net: NetName=+5B_Logic Pin=X8-2
Added Pin To Net: NetName=GND Pin=X8-5
Added Pin To Net: NetName=MOT1A Pin=X8-6
Added Pin To Net: NetName=+5B_Logic Pin=X9-2
Added Pin To Net: NetName=GND Pin=X9-5
Added Pin To Net: NetName=MOT1C Pin=X9-6
Added Pin To Net: NetName=+5B_Logic Pin=X10-2
Added Pin To Net: NetName=GND Pin=X10-5
Added Pin To Net: NetName=MOT1B Pin=X10-6
Added Pin To Net: NetName=+5B_Logic Pin=X11-2
Added Pin To Net: NetName=GND Pin=X11-5
Added Pin To Net: NetName=MOT1D Pin=X11-6
