Removed Pin From Net: NetName=MOT2B Pin=DA1-5
Removed Pin From Net: NetName=MOT2B Pin=DA1-16
Removed Pin From Net: NetName=SCL_nRF Pin=DD1-3
Removed Pin From Net: NetName=SCL_nRF Pin=DD1-4
Removed Pin From Net: NetName=MOT2B Pin=VD1-2
Removed Pin From Net: NetName=MOT2B Pin=VD4-1
Removed Pin From Net: NetName=MOT2B Pin=VD12-2
Removed Pin From Net: NetName=ENC2A Pin=X7-5
Removed Pin From Net: NetName=ENC2B Pin=X7-6
Removed Pin From Net: NetName=XSHUT1 Pin=X7-7
Removed Pin From Net: NetName=XSHUT2 Pin=X7-8
Removed Pin From Net: NetName=MotIn1A Pin=X7-9
Removed Pin From Net: NetName=MotIn2A Pin=X7-10
Removed Pin From Net: NetName=MotIn3A Pin=X7-11
Removed Pin From Net: NetName=MotIn4A Pin=X7-12
Removed Pin From Net: NetName=MotIn1B Pin=X7-13
Removed Pin From Net: NetName=MotIn2B Pin=X7-14
Removed Pin From Net: NetName=MotIn3B Pin=X7-15
Removed Pin From Net: NetName=MotIn4B Pin=X7-16
Removed Pin From Net: NetName=ENC2C Pin=X7-17
Removed Pin From Net: NetName=ENC2D Pin=X7-18
Removed Pin From Net: NetName=Sound Pin=X7-23
Removed Pin From Net: NetName=ServoA Pin=X7-24
Removed Pin From Net: NetName=ServoB Pin=X7-25
Removed Pin From Net: NetName=LED1 Pin=X7-26
Removed Pin From Net: NetName=LED2 Pin=X7-27
Removed Pin From Net: NetName=LED3 Pin=X7-28
Removed Pin From Net: NetName=LED Pin=X7-29
Removed Pin From Net: NetName=BTN1 Pin=X7-30
Removed Pin From Net: NetName=BTN2 Pin=X7-31
Removed Pin From Net: NetName=BTN3 Pin=X7-32
Removed Pin From Net: NetName=MOT1A Pin=X8-6
Removed Pin From Net: NetName=MOT1C Pin=X9-6
Removed Pin From Net: NetName=MOT1B Pin=X10-6
Removed Pin From Net: NetName=MOT1D Pin=X11-6
Removed Pin From Net: NetName=GND Pin=X13-4
Change Component Designator: OldDesignator=R1 NewDesignator=R3
Change Component Designator: OldDesignator=R2 NewDesignator=R4
Change Component Designator: OldDesignator=R3 NewDesignator=R5
Change Component Designator: OldDesignator=R4 NewDesignator=R6
Change Component Designator: OldDesignator=R5 NewDesignator=R7
Change Component Designator: OldDesignator=R6 NewDesignator=R8
Change Component Designator: OldDesignator=R7 NewDesignator=R9
Change Component Designator: OldDesignator=X? NewDesignator=X16
Added Component: Designator=R1(R0603)
Add component (AddParameter): Name = "Manufacturer"; Value = "YAGEO"; VariantName = "[No Variations]"
Add component (AddParameter): Name = "Name"; Value = "RC0603FR-0730KL"; VariantName = "[No Variations]"
Add component (AddParameter): Name = "Tolerance"; Value = "1%"; VariantName = "[No Variations]"
Add component (AddParameter): Name = "Value"; Value = "30ê"; VariantName = "[No Variations]"
Added Component: Designator=R2(R1206)
Add component (AddParameter): Name = "Manufacturer"; Value = "YAGEO"; VariantName = "[No Variations]"
Add component (AddParameter): Name = "Name"; Value = "RC1206FR-07180KL"; VariantName = "[No Variations]"
Add component (AddParameter): Name = "Value"; Value = "10ê"; VariantName = "[No Variations]"
Added Pin To Net: NetName=GND Pin=DA1-2
Added Pin To Net: NetName=MOT2A Pin=DA1-5
Added Pin To Net: NetName=MOT1B Pin=DA1-16
Added Pin To Net: NetName=GND Pin=DA1-19
Added Pin To Net: NetName=GND Pin=DA2-2
Added Pin To Net: NetName=GND Pin=DA2-19
Added Pin To Net: NetName=SDA_nRF Pin=DD1-5
Added Pin To Net: NetName=SCL_nRF Pin=DD1-6
Added Pin To Net: NetName=Vbat Pin=R1-1
Added Pin To Net: NetName=GND Pin=R2-2
Added Pin To Net: NetName=MOT2A Pin=VD1-2
Added Pin To Net: NetName=MOT1B Pin=VD4-1
Added Pin To Net: NetName=MOT1B Pin=VD12-2
Added Pin To Net: NetName=ServoA Pin=X7-5
Added Pin To Net: NetName=ServoB Pin=X7-6
Added Pin To Net: NetName=LED1 Pin=X7-7
Added Pin To Net: NetName=LED2 Pin=X7-8
Added Pin To Net: NetName=LED3 Pin=X7-9
Added Pin To Net: NetName=LED Pin=X7-10
Added Pin To Net: NetName=MotIn1A Pin=X7-15
Added Pin To Net: NetName=MotIn2A Pin=X7-16
Added Pin To Net: NetName=MotIn3A Pin=X7-17
Added Pin To Net: NetName=MotIn4A Pin=X7-18
Added Pin To Net: NetName=MotIn1B Pin=X7-23
Added Pin To Net: NetName=MotIn2B Pin=X7-24
Added Pin To Net: NetName=MotIn3B Pin=X7-25
Added Pin To Net: NetName=MotIn4B Pin=X7-26
Added Pin To Net: NetName=BTN1 Pin=X7-27
Added Pin To Net: NetName=BTN2 Pin=X7-28
Added Pin To Net: NetName=BTN3 Pin=X7-29
Added Pin To Net: NetName=Sound Pin=X7-45
Added Pin To Net: NetName=ENC2A Pin=X7-47
Added Pin To Net: NetName=ENC2B Pin=X7-48
Added Pin To Net: NetName=ENC2C Pin=X7-49
Added Pin To Net: NetName=ENC2D Pin=X7-50
Added Pin To Net: NetName=XSHUT1 Pin=X7-64
Added Pin To Net: NetName=XSHUT2 Pin=X7-65
Added Pin To Net: NetName=MOT2A Pin=X8-6
Added Pin To Net: NetName=MOT2C Pin=X9-6
Added Pin To Net: NetName=MOT2B Pin=X10-6
Added Pin To Net: NetName=MOT2D Pin=X11-6
Added Pin To Net: NetName=+5B_Logic Pin=X13-4
Change Net Name : Old Net Name=NetR2_1 New Net Name=NetR4_1
Change Net Name : Old Net Name=NetR5_1 New Net Name=NetR7_1
Change Net Name : Old Net Name=NetR6_1 New Net Name=NetR8_1
Change Net Name : Old Net Name=NetR7_1 New Net Name=NetR9_1
Added Pin To Net: NetName=MotEn1A Pin=DA1-8
Added Pin To Net: NetName=MotEn1A Pin=X7-11
Added Net: Name=MotEn1A
Added Pin To Net: NetName=MotEn1B Pin=DA2-8
Added Pin To Net: NetName=MotEn1B Pin=X7-13
Added Net: Name=MotEn1B
Added Pin To Net: NetName=MotEn2A Pin=DA1-14
Added Pin To Net: NetName=MotEn2A Pin=X7-12
Added Net: Name=MotEn2A
Added Pin To Net: NetName=MotEn2B Pin=DA2-14
Added Pin To Net: NetName=MotEn2B Pin=X7-14
Added Net: Name=MotEn2B
Added Pin To Net: NetName=Voltage Pin=R1-2
Added Pin To Net: NetName=Voltage Pin=R2-1
Added Pin To Net: NetName=Voltage Pin=X7-63
Added Net: Name=Voltage
Added Member To Class: ClassName=Ý3_1 Member=Component R8 1ê
Added Member To Class: ClassName=Ý3_1 Member=Component R9 1ê
