Removed Pin From Net: NetName=MISO Pin=X2-50
Removed Pin From Net: NetName=MOSI Pin=X2-51
Removed Pin From Net: NetName=SCK Pin=X2-52
Removed Pin From Net: NetName=CS Pin=X2-53
Removed Member From Class: ClassName=Ý3_1 Member=X12
Change Footprint: Footprint Not Found Arduino Mega Pro
Change Component Designator: OldDesignator=X4 NewDesignator=X2
Change Component Designator: OldDesignator=X7 NewDesignator=X8
Change Component Designator: OldDesignator=X8 NewDesignator=X9
Change Component Designator: OldDesignator=X9 NewDesignator=X10
Change Component Designator: OldDesignator=X10 NewDesignator=X11
Change Component Designator: OldDesignator=X12 NewDesignator=X4
Change Component Designator: OldDesignator=X13 NewDesignator=X12
Change Component Designator: OldDesignator=X15 NewDesignator=X13
Add Pin To Net: Unknown Pin: Pin X2-50
Add Pin To Net: Unknown Pin: Pin X2-51
Add Pin To Net: Unknown Pin: Pin X2-52
Add Pin To Net: Unknown Pin: Pin X2-53
Add Pin To Net: Unknown Pin: Pin X2-73
Add Pin To Net: Unknown Pin: Pin X2-74
Add Pin To Net: Unknown Pin: Pin X2-75
Add Pin To Net: Unknown Pin: Pin X2-76
Add Pin To Net: Unknown Pin: Pin X7-1
Add Pin To Net: Unknown Pin: Pin X7-2
Add Pin To Net: Unknown Pin: Pin X7-3
Add Pin To Net: Unknown Pin: Pin X7-4
Add Pin To Net: Unknown Pin: Pin X7-5
Add Pin To Net: Unknown Pin: Pin X7-6
Add Pin To Net: Unknown Pin: Pin X7-7
Add Pin To Net: Unknown Pin: Pin X7-8
Add Pin To Net: Unknown Pin: Pin X7-9
Add Pin To Net: Unknown Pin: Pin X7-10
Add Pin To Net: Unknown Pin: Pin X7-11
Add Pin To Net: Unknown Pin: Pin X7-12
Added Net: Name=NetX2_71
Added Member To Class: ClassName=Ý3_1 Member=Component X11 DS1066-04M (MW-4M)
