Removed Pin From Net: NetName=CS_nRF_D Pin=DD1-7
Removed Pin From Net: NetName=+5B_Logic Pin=X2-75
Removed Pin From Net: NetName=MOT1A Pin=X3-1
Removed Pin From Net: NetName=MOT2A Pin=X3-2
Removed Pin From Net: NetName=ENC1A Pin=X3-3
Removed Pin From Net: NetName=ENC2A Pin=X3-4
Removed Pin From Net: NetName=+5B Pin=X3-5
Removed Pin From Net: NetName=GND Pin=X3-6
Removed Pin From Net: NetName=MOT1C Pin=X4-1
Removed Pin From Net: NetName=MOT2C Pin=X4-2
Removed Pin From Net: NetName=ENC1C Pin=X4-3
Removed Pin From Net: NetName=ENC2C Pin=X4-4
Removed Pin From Net: NetName=+5B Pin=X4-5
Removed Pin From Net: NetName=GND Pin=X4-6
Removed Pin From Net: NetName=MOT1B Pin=X5-1
Removed Pin From Net: NetName=MOT2B Pin=X5-2
Removed Pin From Net: NetName=ENC1B Pin=X5-3
Removed Pin From Net: NetName=ENC2B Pin=X5-4
Removed Pin From Net: NetName=+5B Pin=X5-5
Removed Pin From Net: NetName=GND Pin=X5-6
Removed Pin From Net: NetName=MOT1D Pin=X6-1
Removed Pin From Net: NetName=MOT2D Pin=X6-2
Removed Pin From Net: NetName=ENC1D Pin=X6-3
Removed Pin From Net: NetName=ENC2D Pin=X6-4
Removed Pin From Net: NetName=+5B Pin=X6-5
Removed Pin From Net: NetName=GND Pin=X6-6
Removed Pin From Net: NetName=MOSI Pin=X7-1
Removed Pin From Net: NetName=MISO Pin=X7-2
Removed Pin From Net: NetName=+5B Pin=X7-3
Removed Pin From Net: NetName=GND Pin=X7-4
Removed Pin From Net: NetName=SCK Pin=X7-5
Removed Pin From Net: NetName=CS Pin=X7-6
Added Component: Designator=R?(R0603)
Add component (AddParameter): Name = "Manufacturer"; Value = "YAGEO"; VariantName = "[No Variations]"
Add component (AddParameter): Name = "Name"; Value = "RC0603FR-0710KL"; VariantName = "[No Variations]"
Add component (AddParameter): Name = "Tolerance"; Value = "1%"; VariantName = "[No Variations]"
Add component (AddParameter): Name = "Value"; Value = "10ê"; VariantName = "[No Variations]"
Added Component: Designator=R?(R0603)
Add component (AddParameter): Name = "Manufacturer"; Value = "YAGEO"; VariantName = "[No Variations]"
Add component (AddParameter): Name = "Name"; Value = "RC0603FR-0710KL"; VariantName = "[No Variations]"
Add component (AddParameter): Name = "Tolerance"; Value = "1%"; VariantName = "[No Variations]"
Add component (AddParameter): Name = "Value"; Value = "10ê"; VariantName = "[No Variations]"
Added Component: Designator=R?(R0603)
Add component (AddParameter): Name = "Manufacturer"; Value = "YAGEO"; VariantName = "[No Variations]"
Add component (AddParameter): Name = "Name"; Value = "RC0603FR-0710KL"; VariantName = "[No Variations]"
Add component (AddParameter): Name = "Tolerance"; Value = "1%"; VariantName = "[No Variations]"
Add component (AddParameter): Name = "Value"; Value = "10ê"; VariantName = "[No Variations]"
Add component: Footprint Not Found PLS-2
Added Component: Designator=X?(MW-4M)
Add component (AddParameter): Name = "Contact_1"; Value = "BNT1"; VariantName = "[No Variations]"
Add component (AddParameter): Name = "Contact_2"; Value = "BNT2"; VariantName = "[No Variations]"
Add component (AddParameter): Name = "Contact_3"; Value = "BNT3"; VariantName = "[No Variations]"
Add component (AddParameter): Name = "Contact_4"; Value = "GND"; VariantName = "[No Variations]"
Add component (AddParameter): Name = "Name"; Value = "DS1066-04M (MW-4M)"; VariantName = "[No Variations]"
Added Component: Designator=X?(CWF-4)
Add component (AddParameter): Name = "Contact_1"; Value = "SDA"; VariantName = "[No Variations]"
Add component (AddParameter): Name = "Contact_2"; Value = "SCL"; VariantName = "[No Variations]"
Add component (AddParameter): Name = "Contact_3"; Value = "VCC"; VariantName = "[No Variations]"
Add component (AddParameter): Name = "Contact_4"; Value = "GND"; VariantName = "[No Variations]"
Add component (AddParameter): Name = "Name"; Value = "DS1069-4M (CWF-4)"; VariantName = "[No Variations]"
Added Component: Designator=X?(CWF-4)
Add component (AddParameter): Name = "Contact_1"; Value = "SDA"; VariantName = "[No Variations]"
Add component (AddParameter): Name = "Contact_2"; Value = "SCL"; VariantName = "[No Variations]"
Add component (AddParameter): Name = "Contact_3"; Value = "VCC"; VariantName = "[No Variations]"
Add component (AddParameter): Name = "Contact_4"; Value = "GND"; VariantName = "[No Variations]"
Add component (AddParameter): Name = "Name"; Value = "DS1069-4M (CWF-4)"; VariantName = "[No Variations]"
Added Component: Designator=X?(CWF-6)
Add component (AddParameter): Name = "Contact_1"; Value = "MOT1"; VariantName = "[No Variations]"
Add component (AddParameter): Name = "Contact_2"; Value = "MOT2"; VariantName = "[No Variations]"
Add component (AddParameter): Name = "Contact_3"; Value = "ENC1"; VariantName = "[No Variations]"
Add component (AddParameter): Name = "Contact_4"; Value = "ENC2"; VariantName = "[No Variations]"
Add component (AddParameter): Name = "Contact_5"; Value = "VCC"; VariantName = "[No Variations]"
Add component (AddParameter): Name = "Contact_6"; Value = "GND"; VariantName = "[No Variations]"
Add component (AddParameter): Name = "Name"; Value = "DS1069-6M (CWF-6)"; VariantName = "[No Variations]"
Added Component: Designator=X?(CWF-6)
Add component (AddParameter): Name = "Contact_1"; Value = "MOT1"; VariantName = "[No Variations]"
Add component (AddParameter): Name = "Contact_2"; Value = "MOT2"; VariantName = "[No Variations]"
Add component (AddParameter): Name = "Contact_3"; Value = "ENC1"; VariantName = "[No Variations]"
Add component (AddParameter): Name = "Contact_4"; Value = "ENC2"; VariantName = "[No Variations]"
Add component (AddParameter): Name = "Contact_5"; Value = "VCC"; VariantName = "[No Variations]"
Add component (AddParameter): Name = "Contact_6"; Value = "GND"; VariantName = "[No Variations]"
Add component (AddParameter): Name = "Name"; Value = "DS1069-6M (CWF-6)"; VariantName = "[No Variations]"
Added Component: Designator=X?(CWF-6)
Add component (AddParameter): Name = "Contact_1"; Value = "MOT1"; VariantName = "[No Variations]"
Add component (AddParameter): Name = "Contact_2"; Value = "MOT2"; VariantName = "[No Variations]"
Add component (AddParameter): Name = "Contact_3"; Value = "ENC1"; VariantName = "[No Variations]"
Add component (AddParameter): Name = "Contact_4"; Value = "ENC2"; VariantName = "[No Variations]"
Add component (AddParameter): Name = "Contact_5"; Value = "VCC"; VariantName = "[No Variations]"
Add component (AddParameter): Name = "Contact_6"; Value = "GND"; VariantName = "[No Variations]"
Add component (AddParameter): Name = "Name"; Value = "DS1069-6M (CWF-6)"; VariantName = "[No Variations]"
Added Component: Designator=X?(CWF-6)
Add component (AddParameter): Name = "Contact_1"; Value = "MOT1"; VariantName = "[No Variations]"
Add component (AddParameter): Name = "Contact_2"; Value = "MOT2"; VariantName = "[No Variations]"
Add component (AddParameter): Name = "Contact_3"; Value = "ENC1"; VariantName = "[No Variations]"
Add component (AddParameter): Name = "Contact_4"; Value = "ENC2"; VariantName = "[No Variations]"
Add component (AddParameter): Name = "Contact_5"; Value = "VCC"; VariantName = "[No Variations]"
Add component (AddParameter): Name = "Contact_6"; Value = "GND"; VariantName = "[No Variations]"
Add component (AddParameter): Name = "Name"; Value = "DS1069-6M (CWF-6)"; VariantName = "[No Variations]"
Added Component: Designator=X?(LOGIC CONVENTOR)
Add component (AddParameter): Name = "Name"; Value = "Logic Conventor"; VariantName = "[No Variations]"
Added Component: Designator=X?(Arduino Mega Pro Mini)
Add component (AddParameter): Name = "Name"; Value = "Arduino Mega Pro"; VariantName = "[No Variations]"
Added Component: Designator=X?(MW-6M)
Add component (AddParameter): Name = "Contact_1"; Value = "MOSI"; VariantName = "[No Variations]"
Add component (AddParameter): Name = "Contact_2"; Value = "MISO"; VariantName = "[No Variations]"
Add component (AddParameter): Name = "Contact_3"; Value = "SCK"; VariantName = "[No Variations]"
Add component (AddParameter): Name = "Contact_4"; Value = "CS"; VariantName = "[No Variations]"
Add component (AddParameter): Name = "Contact_5"; Value = "VCC"; VariantName = "[No Variations]"
Add component (AddParameter): Name = "Contact_6"; Value = "GND"; VariantName = "[No Variations]"
Add component (AddParameter): Name = "Name"; Value = "DS1066-06M (MW-6M)"; VariantName = "[No Variations]"
Added Component: Designator=X?(CWF-4)
Add component (AddParameter): Name = "Contact_1"; Value = "SDA"; VariantName = "[No Variations]"
Add component (AddParameter): Name = "Contact_2"; Value = "SCL"; VariantName = "[No Variations]"
Add component (AddParameter): Name = "Contact_3"; Value = "VCC"; VariantName = "[No Variations]"
Add component (AddParameter): Name = "Contact_4"; Value = "GND"; VariantName = "[No Variations]"
Add component (AddParameter): Name = "Name"; Value = "DS1069-4M (CWF-4)"; VariantName = "[No Variations]"
Added Pin To Net: NetName=CS_nRF_D Pin=DD1-1
Added Pin To Net: NetName=GND Pin=R?-1
Added Pin To Net: NetName=GND Pin=R?-1
Added Pin To Net: NetName=GND Pin=R?-1
Added Pin To Net: NetName=MISO Pin=X2-51
Added Pin To Net: NetName=MOSI Pin=X2-52
Added Pin To Net: NetName=SCK Pin=X2-53
Added Pin To Net: NetName=CS Pin=X2-54
Added Pin To Net: NetName=MOSI Pin=X?-1
Added Pin To Net: NetName=MOSI_nRF Pin=X?-1
Added Pin To Net: NetName=MOT1A Pin=X?-1
Added Pin To Net: NetName=MOT1B Pin=X?-1
Added Pin To Net: NetName=MOT1C Pin=X?-1
Added Pin To Net: NetName=MOT1D Pin=X?-1
Added Pin To Net: NetName=MISO Pin=X?-2
Added Pin To Net: NetName=MISO_nRF Pin=X?-2
Added Pin To Net: NetName=MOT2A Pin=X?-2
Added Pin To Net: NetName=MOT2B Pin=X?-2
Added Pin To Net: NetName=MOT2C Pin=X?-2
Added Pin To Net: NetName=MOT2D Pin=X?-2
Added Pin To Net: NetName=+3B3 Pin=X?-3
Added Pin To Net: NetName=+3B3 Pin=X?-3
Added Pin To Net: NetName=+3B3 Pin=X?-3
Added Pin To Net: NetName=+5B_Logic Pin=X?-3
Added Pin To Net: NetName=ENC1A Pin=X?-3
Added Pin To Net: NetName=ENC1B Pin=X?-3
Added Pin To Net: NetName=ENC1C Pin=X?-3
Added Pin To Net: NetName=ENC1D Pin=X?-3
Added Pin To Net: NetName=SCK_nRF Pin=X?-3
Added Pin To Net: NetName=ENC2A Pin=X?-4
Added Pin To Net: NetName=ENC2B Pin=X?-4
Added Pin To Net: NetName=ENC2C Pin=X?-4
Added Pin To Net: NetName=ENC2D Pin=X?-4
Added Pin To Net: NetName=GND Pin=X?-4
Added Pin To Net: NetName=GND Pin=X?-4
Added Pin To Net: NetName=GND Pin=X?-4
Added Pin To Net: NetName=GND Pin=X?-4
Added Pin To Net: NetName=GND Pin=X?-4
Added Pin To Net: NetName=+5B Pin=X?-5
Added Pin To Net: NetName=+5B Pin=X?-5
Added Pin To Net: NetName=+5B_Logic Pin=X?-5
Added Pin To Net: NetName=+5B_Logic Pin=X?-5
Added Pin To Net: NetName=+5B_Logic Pin=X?-5
Added Pin To Net: NetName=SCK Pin=X?-5
Added Pin To Net: NetName=CS Pin=X?-6
Added Pin To Net: NetName=GND Pin=X?-6
Added Pin To Net: NetName=GND Pin=X?-6
Added Pin To Net: NetName=GND Pin=X?-6
Added Pin To Net: NetName=GND Pin=X?-6
Added Pin To Net: NetName=GND Pin=X?-6
Add Pin To Net: Unknown Pin: Pin X?-9
Add Pin To Net: Unknown Pin: Pin X?-10
Added Pin To Net: NetName=GND Pin=X?-73
Added Pin To Net: NetName=GND Pin=X?-74
Added Pin To Net: NetName=+5B_Logic Pin=X?-75
Added Pin To Net: NetName=+5B_Logic Pin=X?-76
Added Pin To Net: NetName=BTN1 Pin=R?-2
Added Pin To Net: NetName=BTN1 Pin=X?-1
Added Net: Name=BTN1
Added Pin To Net: NetName=BTN2 Pin=R?-2
Added Pin To Net: NetName=BTN2 Pin=X?-2
Added Net: Name=BTN2
Added Pin To Net: NetName=BTN3 Pin=R?-2
Added Pin To Net: NetName=BTN3 Pin=X?-3
Added Net: Name=BTN3
Added Pin To Net: NetName=CS_nRF_C Pin=DD1-2
Added Pin To Net: NetName=CS_nRF_C Pin=X?-4
Added Net: Name=CS_nRF_C
Added Pin To Net: NetName=LSesn1 Pin=X?-1
Added Net: Name=LSesn1
Added Pin To Net: NetName=LSesn2 Pin=X?-2
Added Net: Name=LSesn2
Added Pin To Net: NetName=LSesn3 Pin=X?-3
Added Net: Name=LSesn3
Added Pin To Net: NetName=LSesn4 Pin=X?-4
Added Net: Name=LSesn4
Added Net: Name=LSesn5
Added Net: Name=LSesn6
Added Net: Name=LSesn7
Added Net: Name=LSesn8
Added Pin To Net: NetName=SCL Pin=X2-22
Added Pin To Net: NetName=SCL Pin=X?-2
Added Pin To Net: NetName=SCL Pin=X?-2
Added Net: Name=SCL
Added Pin To Net: NetName=SCL_nRF Pin=DD1-5
Added Pin To Net: NetName=SCL_nRF Pin=X?-2
Added Net: Name=SCL_nRF
Added Pin To Net: NetName=SDA Pin=X2-21
Added Pin To Net: NetName=SDA Pin=X?-1
Added Pin To Net: NetName=SDA Pin=X?-1
Added Net: Name=SDA
Added Pin To Net: NetName=SDA_nRF Pin=DD1-4
Added Pin To Net: NetName=SDA_nRF Pin=X?-1
Added Net: Name=SDA_nRF
Added Member To Class: ClassName=Ý3_1 Member=Component R? 10ê
Added Member To Class: ClassName=Ý3_1 Member=Component R? 10ê
Added Member To Class: ClassName=Ý3_1 Member=Component R? 10ê
Added Member To Class: ClassName=Ý3_1 Member=Component X? BH2-10
Added Member To Class: ClassName=Ý3_1 Member=Component X? DS1066-04M (MW-4M)
Added Member To Class: ClassName=Ý3_1 Member=Component X? DS1069-4M (CWF-4)
Added Member To Class: ClassName=Ý3_1 Member=Component X? DS1069-4M (CWF-4)
Added Member To Class: ClassName=Ý3_1 Member=Component X? DS1069-6M (CWF-6)
Added Member To Class: ClassName=Ý3_1 Member=Component X? DS1069-6M (CWF-6)
Added Member To Class: ClassName=Ý3_1 Member=Component X? DS1069-6M (CWF-6)
Added Member To Class: ClassName=Ý3_1 Member=Component X? DS1069-6M (CWF-6)
Added Member To Class: ClassName=Ý3_1 Member=Component X? Logic Conventor
Added Member To Class: ClassName=Ý3_2 Member=Component X? Arduino Mega Pro
Added Member To Class: ClassName=Ý3_2 Member=Component X? DS1066-06M (MW-6M)
Added Member To Class: ClassName=Ý3_2 Member=Component X? DS1069-4M (CWF-4)
