Removed Member From Class: ClassName=Э3_2 Member=DA2
Removed Member From Class: ClassName=Э3_1 Member=DA3
Removed Member From Class: ClassName=Э3_1 Member=X9
Add component: Footprint Not Found Arduino Mega Pro
Add Pin To Net: Unknown Pin: Pin X1-71
Add Pin To Net: Unknown Pin: Pin X1-72
Add Pin To Net: Unknown Pin: Pin X1-73
Add Pin To Net: Unknown Pin: Pin X1-74
Add Pin To Net: Unknown Pin: Pin X1-75
Add Pin To Net: Unknown Pin: Pin X1-76
Added Member To Class: ClassName=Э3_1 Member=Component DA1 L298
Added Member To Class: ClassName=Э3_2 Member=Component DA4 4R7
Added Member To Class: ClassName=Э3_1 Member=Component VD1 MBRS2100
Added Member To Class: ClassName=Э3_1 Member=Component VD5 Зеленый светодиод
Added Member To Class: ClassName=Э3_1 Member=Component VD10 Синий светодиод
Added Member To Class: ClassName=Э3_1 Member=Component VD11 MBRS2100
Added Member To Class: ClassName=Э3_1 Member=Component VD12 Красный светодиод
Add Class Member: Failed to add class member : Component X1 Arduino Mega Pro
Added Member To Class: ClassName=Э3_1 Member=Component X2 DS1066-04M (MW-4M)
Added Member To Class: ClassName=Э3_1 Member=Component X5 DS1066-02M (MW-2M)
Added Member To Class: ClassName=Э3_1 Member=Component X7 DS1069-6M (CWF-6)
Added Member To Class: ClassName=Э3_1 Member=Component X8 DS1069-6M (CWF-6)
Added Member To Class: ClassName=Э3_2 Member=Component X9 XT30
