Change Footprint: Footprint Not Found Arduino Mega Pro
Add Pin To Net: Unknown Pin: Pin DA1-1
Add Pin To Net: Unknown Pin: Pin DA1-2
Add Pin To Net: Unknown Pin: Pin DA1-3
Add Pin To Net: Unknown Pin: Pin DA1-4
Add Pin To Net: Unknown Pin: Pin DA2-1
Add Pin To Net: Unknown Pin: Pin DA2-2
Add Pin To Net: Unknown Pin: Pin DA2-3
Add Pin To Net: Unknown Pin: Pin DA2-4
Add Pin To Net: Unknown Pin: Pin X4-71
Add Pin To Net: Unknown Pin: Pin X4-72
Add Pin To Net: Unknown Pin: Pin X4-73
Add Pin To Net: Unknown Pin: Pin X4-74
Add Pin To Net: Unknown Pin: Pin X4-75
Add Pin To Net: Unknown Pin: Pin X4-76
Add Pin To Net: Unknown Pin: Pin X11-1
Add Pin To Net: Unknown Pin: Pin X11-2
Add Pin To Net: Unknown Pin: Pin X11-3
Add Pin To Net: Unknown Pin: Pin X11-4
Add Pin To Net: Unknown Pin: Pin X11-5
Add Pin To Net: Unknown Pin: Pin X11-6
Add Pin To Net: Unknown Pin: Pin X14-7
Add Pin To Net: Unknown Pin: Pin X14-8
Add Pin To Net: Unknown Pin: Pin X14-9
Add Pin To Net: Unknown Pin: Pin X14-10
Add Pin To Net: Unknown Pin: Pin X14-11
Add Pin To Net: Unknown Pin: Pin X14-12
Add Class Member: Failed to add class member : Component DA1 4R7
Add Class Member: Failed to add class member : Component DA2 4R7
Add Class Member: Failed to add class member : Component X11 Logic Conventor
Add Class Member: Failed to add class member : Component X14 Logic Conventor
