Added Component: Designator=X?(MW-10M)
Add component (AddParameter): Name = "Contact_1"; Value = "Sinnal1"; VariantName = "[No Variations]"
Add component (AddParameter): Name = "Contact_2"; Value = "Sinnal2"; VariantName = "[No Variations]"
Add component (AddParameter): Name = "Contact_3"; Value = "Sinnal3"; VariantName = "[No Variations]"
Add component (AddParameter): Name = "Contact_4"; Value = "Sinnal4"; VariantName = "[No Variations]"
Add component (AddParameter): Name = "Contact_5"; Value = "Sinnal5"; VariantName = "[No Variations]"
Add component (AddParameter): Name = "Contact_6"; Value = "Sinnal6"; VariantName = "[No Variations]"
Add component (AddParameter): Name = "Contact_7"; Value = "Sinnal7"; VariantName = "[No Variations]"
Add component (AddParameter): Name = "Contact_8"; Value = "Sinnal8"; VariantName = "[No Variations]"
Add component (AddParameter): Name = "Contact_9"; Value = "VCC"; VariantName = "[No Variations]"
Add component (AddParameter): Name = "Contact_10"; Value = "GND"; VariantName = "[No Variations]"
Add component (AddParameter): Name = "Name"; Value = "CWF-10"; VariantName = "[No Variations]"
Added Pin To Net: NetName=LSesn1 Pin=X?-1
Added Pin To Net: NetName=LSesn2 Pin=X?-2
Added Pin To Net: NetName=LSesn3 Pin=X?-3
Added Pin To Net: NetName=LSesn4 Pin=X?-4
Added Pin To Net: NetName=LSesn5 Pin=X?-5
Added Pin To Net: NetName=LSesn6 Pin=X?-6
Added Pin To Net: NetName=LSesn7 Pin=X?-7
Added Pin To Net: NetName=LSesn8 Pin=X?-8
Added Pin To Net: NetName=+5B_Logic Pin=X?-9
Added Pin To Net: NetName=GND Pin=X?-10
Added Member To Class: ClassName=Ý3_1 Member=Component X? CWF-10
