Removed Pin From Net: NetName=SDA Pin=X2-21
Removed Pin From Net: NetName=SCL Pin=X2-22
Removed Pin From Net: NetName=MISO Pin=X2-51
Removed Pin From Net: NetName=MOSI Pin=X2-52
Removed Pin From Net: NetName=SCK Pin=X2-53
Removed Pin From Net: NetName=CS Pin=X2-54
Remove Pin from Net: Failed to remove Pin
Remove Pin from Net: Failed to remove Pin
Remove Pin from Net: Failed to remove Pin
Removed Pin From Net: NetName=LSesn3 Pin=X?-3
Remove Pin from Net: Failed to remove Pin
Removed Pin From Net: NetName=LSesn4 Pin=X?-4
Remove Pin from Net: Unknown Pin: Pin X?-5
Remove Pin from Net: Unknown Pin: Pin X?-6
Removed Member From Class: ClassName=Ý3_1 Member=R?
Removed Member From Class: ClassName=Ý3_2 Member=X7
Removed Member From Class: ClassName=Ý3_2 Member=X?
Change Component Designator: OldDesignator=R1 NewDesignator=R2
Change Component Designator: OldDesignator=R2 NewDesignator=R5
Change Component Designator: OldDesignator=R3 NewDesignator=R6
Change Component Designator: OldDesignator=R4 NewDesignator=R7
Change Component Designator: OldDesignator=R? NewDesignator=R1
Change Component Designator: OldDesignator=R? NewDesignator=R3
Change Component Designator: OldDesignator=R? NewDesignator=R4
Change Component Designator: OldDesignator=VD18 NewDesignator=VD19
Change Component Designator: OldDesignator=VD19 NewDesignator=VD18
Change Component Designator: OldDesignator=X7 NewDesignator=X1
Change Component Designator: OldDesignator=X8 NewDesignator=X10
Change Component Designator: OldDesignator=X9 NewDesignator=X12
Change Component Designator: OldDesignator=X10 NewDesignator=X15
Change Component Designator: OldDesignator=X? NewDesignator=X2
Change Component Designator: OldDesignator=X? NewDesignator=X3
Change Component Designator: OldDesignator=X? NewDesignator=X5
Change Component Designator: OldDesignator=X? NewDesignator=X6
Change Component Designator: OldDesignator=X? NewDesignator=X7
Change Component Designator: OldDesignator=X? NewDesignator=X8
Change Component Designator: OldDesignator=X? NewDesignator=X9
Change Component Designator: OldDesignator=X? NewDesignator=X11
Change Component Designator: OldDesignator=X? NewDesignator=X13
Change Component Designator: OldDesignator=X? NewDesignator=X14
Add component: Footprint Not Found PLS-2
Added Pin To Net: NetName=MOSI Pin=X1-1
Added Pin To Net: NetName=MISO Pin=X1-2
Added Pin To Net: NetName=+5B_Logic Pin=X1-3
Added Pin To Net: NetName=GND Pin=X1-4
Added Pin To Net: NetName=SCK Pin=X1-5
Added Pin To Net: NetName=CS Pin=X1-6
Add Pin To Net: Unknown Pin: Pin X4-1
Add Pin To Net: Unknown Pin: Pin X4-2
Add Pin To Net: Unknown Pin: Pin X4-3
Add Pin To Net: Unknown Pin: Pin X4-4
Add Pin To Net: Unknown Pin: Pin X4-5
Add Pin To Net: Unknown Pin: Pin X4-6
Add Pin To Net: Unknown Pin: Pin X4-7
Add Pin To Net: Unknown Pin: Pin X4-8
Add Pin To Net: Unknown Pin: Pin X4-9
Add Pin To Net: Unknown Pin: Pin X4-10
Added Pin To Net: NetName=SDA Pin=X5-21
Added Pin To Net: NetName=SCL Pin=X5-22
Added Pin To Net: NetName=MISO Pin=X5-51
Added Pin To Net: NetName=MOSI Pin=X5-52
Added Pin To Net: NetName=SCK Pin=X5-53
Added Pin To Net: NetName=CS Pin=X5-54
Added Pin To Net: NetName=+3B3 Pin=X13-3
Added Pin To Net: NetName=GND Pin=X13-4
Change Net Name : Old Net Name=NetR1_1 New Net Name=NetR2_1
Change Net Name : Old Net Name=NetR2_1 New Net Name=NetR5_1
Change Net Name : Old Net Name=NetR3_1 New Net Name=NetR6_1
Change Net Name : Old Net Name=NetR4_1 New Net Name=NetR7_1
Added Member To Class: ClassName=Ý3_1 Member=Component R5 1ê
Added Member To Class: ClassName=Ý3_1 Member=Component R6 1ê
Added Member To Class: ClassName=Ý3_1 Member=Component R7 1ê
Added Member To Class: ClassName=Ý3_1 Member=Component X1 Logic Conventor
Added Member To Class: ClassName=Ý3_1 Member=Component X3 DS1069-4M (CWF-4)
Add Class Member: Failed to add class member : Component X4 BH2-10
Added Member To Class: ClassName=Ý3_1 Member=Component X5 Arduino Mega Pro
Added Member To Class: ClassName=Ý3_1 Member=Component X6 DS1069-6M (CWF-6)
Added Member To Class: ClassName=Ý3_1 Member=Component X7 DS1069-6M (CWF-6)
Added Member To Class: ClassName=Ý3_1 Member=Component X10 DS1066-02M (MW-2M)
Added Member To Class: ClassName=Ý3_1 Member=Component X11 DS1066-04M (MW-4M)
Added Member To Class: ClassName=Ý3_2 Member=Component X13 DS1069-4M (CWF-4)
Added Member To Class: ClassName=Ý3_2 Member=Component X14 DS1066-06M (MW-6M)
