Removed Pin From Net: NetName=MOT1A Pin=DA4-4
Removed Pin From Net: NetName=MOT2A Pin=DA4-5
Removed Pin From Net: NetName=MOT1B Pin=DA4-16
Removed Pin From Net: NetName=MOT2B Pin=DA4-17
Removed Pin From Net: NetName=MOT2A Pin=VD12-1
Removed Pin From Net: NetName=MOT2A Pin=VD13-2
Removed Pin From Net: NetName=MOT1A Pin=VD14-1
Removed Pin From Net: NetName=MOT1A Pin=VD15-2
Removed Pin From Net: NetName=MOT2B Pin=VD16-1
Removed Pin From Net: NetName=MOT2B Pin=VD17-2
Removed Pin From Net: NetName=MOT1B Pin=VD18-1
Removed Pin From Net: NetName=MOT1B Pin=VD19-2
Removed Pin From Net: NetName=MOSI Pin=X3-1
Removed Pin From Net: NetName=MISO Pin=X3-2
Removed Pin From Net: NetName=+5B Pin=X3-3
Removed Pin From Net: NetName=GND Pin=X3-4
Removed Pin From Net: NetName=SCK Pin=X3-5
Removed Pin From Net: NetName=CS Pin=X3-6
Removed Member From Class: ClassName=Ý3_1 Member=X3
Change Footprint: Footprint Not Found Arduino Mega Pro
Add component: Footprint Not Found Arduino Mega Pro
Added Component: Designator=X?(LOGIC CONVENTOR)
Add component (AddParameter): Name = "Name"; Value = "Logic Conventor"; VariantName = "[No Variations]"
Added Pin To Net: NetName=MOT1A Pin=DA3-7
Added Pin To Net: NetName=MOT2A Pin=DA3-9
Added Pin To Net: NetName=MOT1C Pin=DA4-4
Added Pin To Net: NetName=MOT2C Pin=DA4-5
Added Pin To Net: NetName=MOT1B Pin=DA4-7
Added Pin To Net: NetName=MOT2B Pin=DA4-9
Added Pin To Net: NetName=MOT1D Pin=DA4-16
Added Pin To Net: NetName=MOT2D Pin=DA4-17
Added Pin To Net: NetName=MOT2C Pin=VD12-1
Added Pin To Net: NetName=MOT2C Pin=VD13-2
Added Pin To Net: NetName=MOT1C Pin=VD14-1
Added Pin To Net: NetName=MOT1C Pin=VD15-2
Added Pin To Net: NetName=MOT2D Pin=VD16-1
Added Pin To Net: NetName=MOT2D Pin=VD17-2
Added Pin To Net: NetName=MOT1D Pin=VD18-1
Added Pin To Net: NetName=MOT1D Pin=VD19-2
Added Pin To Net: NetName=MOSI Pin=X?-1
Added Pin To Net: NetName=MISO Pin=X?-2
Added Pin To Net: NetName=+5B Pin=X?-3
Added Pin To Net: NetName=GND Pin=X?-4
Added Pin To Net: NetName=SCK Pin=X?-5
Added Pin To Net: NetName=CS Pin=X?-6
Add Pin To Net: Unknown Pin: Pin X?-73
Add Pin To Net: Unknown Pin: Pin X?-74
Add Pin To Net: Unknown Pin: Pin X?-75
Add Pin To Net: Unknown Pin: Pin X?-76
Added Pin To Net: NetName=Mot3A Pin=DA3-13
Added Net: Name=Mot3A
Added Pin To Net: NetName=Mot3B Pin=DA4-13
Added Net: Name=Mot3B
Added Pin To Net: NetName=Mot4A Pin=DA3-15
Added Net: Name=Mot4A
Added Pin To Net: NetName=Mot4B Pin=DA4-15
Added Net: Name=Mot4B
Added Net: Name=NetX?_71
Added Member To Class: ClassName=Ý3_1 Member=Component X? Arduino Mega Pro
Added Member To Class: ClassName=Ý3_1 Member=Component X? Logic Conventor
