Removed Pin From Net: NetName=CS Pin=DD1-8
Removed Pin From Net: NetName=CS Pin=X12-4
Added Pin To Net: NetName=CS Pin=X2-53
Add Pin To Net: Unknown Pin: Pin X11-3
Add Pin To Net: Unknown Pin: Pin X11-4
Add Pin To Net: Unknown Pin: Pin X11-6
Add Pin To Net: Unknown Pin: Pin X11-9
Add Pin To Net: Unknown Pin: Pin X11-10
Change Net Name : Old Net Name=SCK New Net Name=SCK_nRF
Added Pin To Net: NetName=CS_nRF_A Pin=DD1-8
Added Net: Name=CS_nRF_A
Added Pin To Net: NetName=CS_nRF_D Pin=DD1-7
Added Pin To Net: NetName=CS_nRF_D Pin=X12-4
Added Net: Name=CS_nRF_D
Added Pin To Net: NetName=MISO Pin=X2-50
Added Net: Name=MISO
Added Pin To Net: NetName=MISO_nRF Pin=DD1-10
Added Pin To Net: NetName=MISO_nRF Pin=X12-2
Added Net: Name=MISO_nRF
Added Pin To Net: NetName=MOSI Pin=X2-51
Added Net: Name=MOSI
Added Pin To Net: NetName=MOSI_nRF Pin=DD1-11
Added Pin To Net: NetName=MOSI_nRF Pin=X12-1
Added Net: Name=MOSI_nRF
Added Pin To Net: NetName=SCK Pin=X2-52
Added Net: Name=SCK
Add Class Member: Failed to add class member : Component X11 Logic Conventor
