Removed Pin From Net: NetName=GND Pin=DA3-1
Change Footprint: Footprint Not Found Arduino Mega Pro
Added Component: Designator=C?(C0603)
Add component (AddParameter): Name = "Manufacturer"; Value = "Yageo"; VariantName = "[No Variations]"
Add component (AddParameter): Name = "Name"; Value = "CC0603JRNPO9BN101"; VariantName = "[No Variations]"
Add component (AddParameter): Name = "TKE"; Value = "NP0"; VariantName = "[No Variations]"
Add component (AddParameter): Name = "Value"; Value = "100"; VariantName = "[No Variations]"
Add component (AddParameter): Name = "Voltage"; Value = "50Â"; VariantName = "[No Variations]"
Added Pin To Net: NetName=+5B Pin=C1-2
Added Pin To Net: NetName=GND Pin=C?-1
Added Pin To Net: NetName=+5B Pin=C?-2
Added Pin To Net: NetName=+5B Pin=DA3-12
Add Pin To Net: Unknown Pin: Pin X7-7
Add Pin To Net: Unknown Pin: Pin X7-8
Add Pin To Net: Unknown Pin: Pin X7-9
Add Pin To Net: Unknown Pin: Pin X7-10
Add Pin To Net: Unknown Pin: Pin X7-11
Add Pin To Net: Unknown Pin: Pin X7-12
Add Pin To Net: Unknown Pin: Pin X8-1
Add Pin To Net: Unknown Pin: Pin X8-2
Add Pin To Net: Unknown Pin: Pin X8-3
Add Pin To Net: Unknown Pin: Pin X8-4
Add Pin To Net: Unknown Pin: Pin X8-5
Add Pin To Net: Unknown Pin: Pin X8-6
Added Member To Class: ClassName=Ý3_2 Member=Component C? 100
Add Class Member: Failed to add class member : Component X7 Logic Conventor
Add Class Member: Failed to add class member : Component X8 Logic Conventor
