Change component parameters: Designator = "X3" ("X3"); Footprint = "MW-4M"; UniqueID = "\ASCLLTLV" ("\ASCLLTLV")
Change component parameters (AddParameter): Name = "Contact_1"; Value = ""; VariantName = "[No Variations]"
Change component parameters (AddParameter): Name = "Contact_2"; Value = ""; VariantName = "[No Variations]"
Change component parameters (AddParameter): Name = "Contact_3"; Value = ""; VariantName = "[No Variations]"
Change component parameters (AddParameter): Name = "Contact_4"; Value = ""; VariantName = "[No Variations]"
Change component parameters (AddParameter): Name = "Name"; Value = "DS1066-04M (MW-4M)"; VariantName = "[No Variations]"
Change component parameters: Designator = "X6" ("X6"); Footprint = "MW-4M"; UniqueID = "\GCTQMGRA" ("\GCTQMGRA")
Change component parameters (AddParameter): Name = "Contact_1"; Value = ""; VariantName = "[No Variations]"
Change component parameters (AddParameter): Name = "Contact_2"; Value = ""; VariantName = "[No Variations]"
Change component parameters (AddParameter): Name = "Contact_3"; Value = ""; VariantName = "[No Variations]"
Change component parameters (AddParameter): Name = "Contact_4"; Value = ""; VariantName = "[No Variations]"
Change component parameters (AddParameter): Name = "Name"; Value = "DS1066-04M (MW-4M)"; VariantName = "[No Variations]"
Change component parameters: Designator = "X9" ("X9"); Footprint = "MW-4M"; UniqueID = "\VTKEBSXH" ("\VTKEBSXH")
Change component parameters (AddParameter): Name = "Contact_1"; Value = ""; VariantName = "[No Variations]"
Change component parameters (AddParameter): Name = "Contact_2"; Value = ""; VariantName = "[No Variations]"
Change component parameters (AddParameter): Name = "Contact_3"; Value = ""; VariantName = "[No Variations]"
Change component parameters (AddParameter): Name = "Contact_4"; Value = ""; VariantName = "[No Variations]"
Change component parameters (AddParameter): Name = "Name"; Value = "DS1066-04M (MW-4M)"; VariantName = "[No Variations]"
Change component parameters: Designator = "X10" ("X10"); Footprint = "MW-4M"; UniqueID = "\DVVDKSVV" ("\DVVDKSVV")
Change component parameters (AddParameter): Name = "Contact_1"; Value = ""; VariantName = "[No Variations]"
Change component parameters (AddParameter): Name = "Contact_2"; Value = ""; VariantName = "[No Variations]"
Change component parameters (AddParameter): Name = "Contact_3"; Value = ""; VariantName = "[No Variations]"
Change component parameters (AddParameter): Name = "Contact_4"; Value = ""; VariantName = "[No Variations]"
Change component parameters (AddParameter): Name = "Name"; Value = "DS1066-04M (MW-4M)"; VariantName = "[No Variations]"
