Added Component: Designator=X2(Arduino Mega Pro Mini)
Add component (AddParameter): Name = "Name"; Value = "Arduino Mega Pro"; VariantName = "[No Variations]"
Added Component: Designator=X?(Arduino Mega Pro Mini)
Add component (AddParameter): Name = "Name"; Value = "Arduino Mega Pro"; VariantName = "[No Variations]"
Added Pin To Net: NetName=+5B_Logic Pin=X?-75
Added Member To Class: ClassName=Э3_1 Member=Component C3 100
Added Member To Class: ClassName=Э3_1 Member=Component VD2 MBRS2100
Added Member To Class: ClassName=Э3_1 Member=Component VD5 MBRS2100
Added Member To Class: ClassName=Э3_1 Member=Component VD7 MBRS2100
Added Member To Class: ClassName=Э3_1 Member=Component VD8 MBRS2100
Added Member To Class: ClassName=Э3_1 Member=Component VD9 MBRS2100
Added Member To Class: ClassName=Э3_1 Member=Component VD10 MBRS2100
Added Member To Class: ClassName=Э3_1 Member=Component VD13 MBRS2100
Added Member To Class: ClassName=Э3_1 Member=Component VD15 MBRS2100
Added Member To Class: ClassName=Э3_1 Member=Component VD19 Красный светодиод
Added Member To Class: ClassName=Э3_1 Member=Component X2 Arduino Mega Pro
Added Member To Class: ClassName=Э3_1 Member=Component X4 DS1069-6M (CWF-6)
Added Member To Class: ClassName=Э3_1 Member=Component X6 DS1069-6M (CWF-6)
Added Member To Class: ClassName=Э3_1 Member=Component X8 DS1066-02M (MW-2M)
Added Member To Class: ClassName=Э3_1 Member=Component X? Arduino Mega Pro
