Change Component Designator: OldDesignator=X1 NewDesignator=X2
Change Component Designator: OldDesignator=X2 NewDesignator=X4
Change Component Designator: OldDesignator=X3 NewDesignator=X1
Change component parameters: Designator = "X3" ("X3"); Footprint = "CWF-4"; UniqueID = "\FESUCSPO" ("\FESUCSPO")
Change component parameters (AddParameter): Name = "Contact_1"; Value = "IN1"; VariantName = "[No Variations]"
Change component parameters (AddParameter): Name = "Contact_2"; Value = "IN2"; VariantName = "[No Variations]"
Change component parameters (AddParameter): Name = "Contact_3"; Value = "Vbat"; VariantName = "[No Variations]"
Change component parameters (AddParameter): Name = "Contact_4"; Value = "GND"; VariantName = "[No Variations]"
Change component parameters (AddParameter): Name = "Name"; Value = "DS1069-4M (CWF-4)"; VariantName = "[No Variations]"
Added Component: Designator=X3(MW-4M)
Add component (AddParameter): Name = "Contact_1"; Value = "ENC1"; VariantName = "[No Variations]"
Add component (AddParameter): Name = "Contact_2"; Value = "ENC2"; VariantName = "[No Variations]"
Add component (AddParameter): Name = "Contact_3"; Value = "VCC"; VariantName = "[No Variations]"
Add component (AddParameter): Name = "Contact_4"; Value = "GND"; VariantName = "[No Variations]"
Add component (AddParameter): Name = "Name"; Value = "DS1066-04M (MW-4M)"; VariantName = "[No Variations]"
Added Component: Designator=X5(CWF-4)
Add component (AddParameter): Name = "Contact_1"; Value = "IN1"; VariantName = "[No Variations]"
Add component (AddParameter): Name = "Contact_2"; Value = "IN2"; VariantName = "[No Variations]"
Add component (AddParameter): Name = "Contact_3"; Value = "Vbat"; VariantName = "[No Variations]"
Add component (AddParameter): Name = "Contact_4"; Value = "GND"; VariantName = "[No Variations]"
Add component (AddParameter): Name = "Name"; Value = "DS1069-4M (CWF-4)"; VariantName = "[No Variations]"
Added Component: Designator=X6(MW-4M)
Add component (AddParameter): Name = "Contact_1"; Value = "ENC1"; VariantName = "[No Variations]"
Add component (AddParameter): Name = "Contact_2"; Value = "ENC2"; VariantName = "[No Variations]"
Add component (AddParameter): Name = "Contact_3"; Value = "VCC"; VariantName = "[No Variations]"
Add component (AddParameter): Name = "Contact_4"; Value = "GND"; VariantName = "[No Variations]"
Add component (AddParameter): Name = "Name"; Value = "DS1066-04M (MW-4M)"; VariantName = "[No Variations]"
Added Component: Designator=X7(CWF-4)
Add component (AddParameter): Name = "Contact_1"; Value = "IN1"; VariantName = "[No Variations]"
Add component (AddParameter): Name = "Contact_2"; Value = "IN2"; VariantName = "[No Variations]"
Add component (AddParameter): Name = "Contact_3"; Value = "Vbat"; VariantName = "[No Variations]"
Add component (AddParameter): Name = "Contact_4"; Value = "GND"; VariantName = "[No Variations]"
Add component (AddParameter): Name = "Name"; Value = "DS1069-4M (CWF-4)"; VariantName = "[No Variations]"
Added Component: Designator=X8(CWF-4)
Add component (AddParameter): Name = "Contact_1"; Value = "IN1"; VariantName = "[No Variations]"
Add component (AddParameter): Name = "Contact_2"; Value = "IN2"; VariantName = "[No Variations]"
Add component (AddParameter): Name = "Contact_3"; Value = "Vbat"; VariantName = "[No Variations]"
Add component (AddParameter): Name = "Contact_4"; Value = "GND"; VariantName = "[No Variations]"
Add component (AddParameter): Name = "Name"; Value = "DS1069-4M (CWF-4)"; VariantName = "[No Variations]"
Added Component: Designator=X9(MW-4M)
Add component (AddParameter): Name = "Contact_1"; Value = "ENC1"; VariantName = "[No Variations]"
Add component (AddParameter): Name = "Contact_2"; Value = "ENC2"; VariantName = "[No Variations]"
Add component (AddParameter): Name = "Contact_3"; Value = "VCC"; VariantName = "[No Variations]"
Add component (AddParameter): Name = "Contact_4"; Value = "GND"; VariantName = "[No Variations]"
Add component (AddParameter): Name = "Name"; Value = "DS1066-04M (MW-4M)"; VariantName = "[No Variations]"
Added Component: Designator=X10(MW-4M)
Add component (AddParameter): Name = "Contact_1"; Value = "ENC1"; VariantName = "[No Variations]"
Add component (AddParameter): Name = "Contact_2"; Value = "ENC2"; VariantName = "[No Variations]"
Add component (AddParameter): Name = "Contact_3"; Value = "VCC"; VariantName = "[No Variations]"
Add component (AddParameter): Name = "Contact_4"; Value = "GND"; VariantName = "[No Variations]"
Add component (AddParameter): Name = "Name"; Value = "DS1066-04M (MW-4M)"; VariantName = "[No Variations]"
Added Pin To Net: NetName=GND Pin=X1-4
Added Pin To Net: NetName=+5B Pin=X3-3
Added Pin To Net: NetName=GND Pin=X3-4
Added Pin To Net: NetName=GND Pin=X5-4
Added Pin To Net: NetName=+5B Pin=X6-3
Added Pin To Net: NetName=GND Pin=X6-4
Added Pin To Net: NetName=GND Pin=X7-4
Added Pin To Net: NetName=GND Pin=X8-4
Added Pin To Net: NetName=+5B Pin=X9-3
Added Pin To Net: NetName=GND Pin=X9-4
Added Pin To Net: NetName=+5B Pin=X10-3
Added Pin To Net: NetName=GND Pin=X10-4
Added Pin To Net: NetName=ENC1B Pin=X3-1
Added Pin To Net: NetName=ENC1B Pin=X6-1
Added Net: Name=ENC1B
Added Pin To Net: NetName=ENC1C Pin=X9-1
Added Pin To Net: NetName=ENC1C Pin=X10-1
Added Net: Name=ENC1C
Added Pin To Net: NetName=ENC2B Pin=X3-2
Added Pin To Net: NetName=ENC2B Pin=X6-2
Added Net: Name=ENC2B
Added Pin To Net: NetName=ENC2C Pin=X9-2
Added Pin To Net: NetName=ENC2C Pin=X10-2
Added Net: Name=ENC2C
Added Pin To Net: NetName=IN1A Pin=X1-1
Added Net: Name=IN1A
Added Pin To Net: NetName=IN1B Pin=X5-1
Added Net: Name=IN1B
Added Pin To Net: NetName=IN1C Pin=X7-1
Added Pin To Net: NetName=IN1C Pin=X8-1
Added Net: Name=IN1C
Added Pin To Net: NetName=IN2A Pin=X1-2
Added Net: Name=IN2A
Added Pin To Net: NetName=IN2B Pin=X5-2
Added Net: Name=IN2B
Added Pin To Net: NetName=IN2C Pin=X7-2
Added Pin To Net: NetName=IN2C Pin=X8-2
Added Net: Name=IN2C
Added Pin To Net: NetName=Vbat Pin=X1-3
Added Pin To Net: NetName=Vbat Pin=X4-1
Added Pin To Net: NetName=Vbat Pin=X5-3
Added Pin To Net: NetName=Vbat Pin=X7-3
Added Pin To Net: NetName=Vbat Pin=X8-3
Added Net: Name=Vbat
Added Member To Class: ClassName=Ý3 Member=Component X4 XT30
Added Member To Class: ClassName=Ý3 Member=Component X5 DS1069-4M (CWF-4)
Added Member To Class: ClassName=Ý3 Member=Component X6 DS1066-04M (MW-4M)
Added Member To Class: ClassName=Ý3 Member=Component X7 DS1069-4M (CWF-4)
Added Member To Class: ClassName=Ý3 Member=Component X8 DS1069-4M (CWF-4)
Added Member To Class: ClassName=Ý3 Member=Component X9 DS1066-04M (MW-4M)
Added Member To Class: ClassName=Ý3 Member=Component X10 DS1066-04M (MW-4M)
Added Rule: Name=Schematic Supply Nets_2
