Removed Pin From Net: NetName=SDA_nRF Pin=DD1-4
Removed Pin From Net: NetName=SCL_nRF Pin=DD1-5
Removed Pin From Net: NetName=CS_nRF_A Pin=DD1-8
Removed Pin From Net: NetName=MOSI_nRF Pin=X16-1
Removed Pin From Net: NetName=MISO_nRF Pin=X16-2
Removed Pin From Net: NetName=SCK_nRF Pin=X16-3
Removed Pin From Net: NetName=+5B_Logic Pin=X16-5
Removed Pin From Net: NetName=GND Pin=X16-6
Removed Member From Class: ClassName=Ý3_2 Member=X16
Added Component: Designator=X?(CWF-4)
Add component (AddParameter): Name = "Contact_1"; Value = "RX"; VariantName = "[No Variations]"
Add component (AddParameter): Name = "Contact_2"; Value = "TX"; VariantName = "[No Variations]"
Add component (AddParameter): Name = "Contact_3"; Value = "VCC"; VariantName = "[No Variations]"
Add component (AddParameter): Name = "Contact_4"; Value = "GND"; VariantName = "[No Variations]"
Add component (AddParameter): Name = "Name"; Value = "DS1069-4M (CWF-4)"; VariantName = "[No Variations]"
Added Pin To Net: NetName=CS_nRF_A Pin=DD1-2
Added Pin To Net: NetName=SCL_nRF Pin=DD1-3
Added Pin To Net: NetName=SCL_nRF Pin=DD1-4
Added Pin To Net: NetName=+5B_Logic Pin=X?-3
Added Pin To Net: NetName=GND Pin=X?-4
Added Pin To Net: NetName=RX_nRF Pin=DD1-8
Added Pin To Net: NetName=RX_nRF Pin=X?-2
Added Net: Name=RX_nRF
Added Pin To Net: NetName=TX_nRF Pin=DD1-7
Added Pin To Net: NetName=TX_nRF Pin=X?-1
Added Net: Name=TX_nRF
Added Member To Class: ClassName=Ý3_2 Member=Component X? DS1069-4M (CWF-4)
