Removed Pin From Net: NetName=+5B Pin=C1-2
Removed Pin From Net: NetName=+5B Pin=C3-2
Removed Pin From Net: NetName=+5B Pin=DA3-6
Removed Pin From Net: NetName=+5B Pin=DA4-6
Removed Pin From Net: NetName=ENC1B Pin=X1-1
Removed Pin From Net: NetName=ENC2B Pin=X1-2
Removed Pin From Net: NetName=+5B Pin=X1-3
Removed Pin From Net: NetName=GND Pin=X1-4
Removed Pin From Net: NetName=ENC1B Pin=X3-1
Removed Pin From Net: NetName=ENC2B Pin=X3-2
Removed Pin From Net: NetName=ENC1C Pin=X5-1
Removed Pin From Net: NetName=ENC2C Pin=X5-2
Removed Pin From Net: NetName=+5B Pin=X5-3
Removed Pin From Net: NetName=GND Pin=X5-4
Removed Pin From Net: NetName=ENC1D Pin=X6-1
Removed Pin From Net: NetName=ENC2D Pin=X6-2
Removed Pin From Net: NetName=+5B Pin=X6-3
Removed Pin From Net: NetName=GND Pin=X6-4
Removed Pin From Net: NetName=MOSI Pin=X7-1
Removed Pin From Net: NetName=MISO Pin=X7-2
Removed Pin From Net: NetName=+5B Pin=X7-3
Removed Pin From Net: NetName=GND Pin=X7-4
Removed Pin From Net: NetName=SCK Pin=X7-5
Removed Pin From Net: NetName=CS Pin=X7-6
Removed Member From Class: ClassName=Ý3_2 Member=C1
Removed Member From Class: ClassName=Ý3_2 Member=C2
Removed Member From Class: ClassName=Ý3_2 Member=C3
Removed Member From Class: ClassName=Ý3_2 Member=C4
Removed Member From Class: ClassName=Ý3_2 Member=DA3
Removed Member From Class: ClassName=Ý3_2 Member=DA4
Removed Member From Class: ClassName=Ý3_1 Member=X7
Change Footprint: Footprint Not Found Arduino Mega Pro
Change Component Footprint: Designator=X5 Old Footprint=MW-4M New Footprint=CWF-6
Change Component Footprint: Designator=X6 Old Footprint=MW-4M New Footprint=CWF-6
Change Component Footprint: Designator=X3 Old Footprint=MW-4M New Footprint=LOGIC CONVENTOR
Change Component Comment : Designator=X5 Old Comment=DS1066-04M (MW-4M) New Comment=DS1069-6M (CWF-6)
Change Component Comment : Designator=X6 Old Comment=DS1066-04M (MW-4M) New Comment=DS1069-6M (CWF-6)
Change Component Comment : Designator=X3 Old Comment=DS1066-04M (MW-4M) New Comment=Logic Conventor
Change component parameters: Designator = "X1" ("X1"); Footprint = "MW-4M"; UniqueID = "\EFSOEGVB" ("\EFSOEGVB")
Change component parameters (AddParameter): Name = "Contact_1"; Value = ""; VariantName = "[No Variations]"
Change component parameters (AddParameter): Name = "Contact_2"; Value = ""; VariantName = "[No Variations]"
Change component parameters (AddParameter): Name = "Contact_3"; Value = ""; VariantName = "[No Variations]"
Change component parameters (AddParameter): Name = "Contact_4"; Value = ""; VariantName = "[No Variations]"
Change component parameters (AddParameter): Name = "Name"; Value = "DS1066-04M (MW-4M)"; VariantName = "[No Variations]"
Change component parameters: Designator = "X3" ("X3"); Footprint = "MW-4M"; UniqueID = "\OSBFUKNL" ("\OSBFUKNL")
Change component parameters (AddParameter): Name = "Name"; Value = "Logic Conventor"; VariantName = "[No Variations]"
Change component parameters: Designator = "X5" ("X5"); Footprint = "MW-4M"; UniqueID = "\AVUTSVKS" ("\AVUTSVKS")
Change component parameters (AddParameter): Name = "Contact_1"; Value = "MOT1"; VariantName = "[No Variations]"
Change component parameters (AddParameter): Name = "Contact_2"; Value = "MOT2"; VariantName = "[No Variations]"
Change component parameters (AddParameter): Name = "Contact_3"; Value = "ENC1"; VariantName = "[No Variations]"
Change component parameters (AddParameter): Name = "Contact_4"; Value = "ENC2"; VariantName = "[No Variations]"
Change component parameters (AddParameter): Name = "Contact_5"; Value = "VCC"; VariantName = "[No Variations]"
Change component parameters (AddParameter): Name = "Contact_6"; Value = "GND"; VariantName = "[No Variations]"
Change component parameters (AddParameter): Name = "Name"; Value = "DS1069-6M (CWF-6)"; VariantName = "[No Variations]"
Change component parameters: Designator = "X6" ("X6"); Footprint = "MW-4M"; UniqueID = "\BLRRTITD" ("\BLRRTITD")
Change component parameters (AddParameter): Name = "Contact_1"; Value = "MOT1"; VariantName = "[No Variations]"
Change component parameters (AddParameter): Name = "Contact_2"; Value = "MOT2"; VariantName = "[No Variations]"
Change component parameters (AddParameter): Name = "Contact_3"; Value = "ENC1"; VariantName = "[No Variations]"
Change component parameters (AddParameter): Name = "Contact_4"; Value = "ENC2"; VariantName = "[No Variations]"
Change component parameters (AddParameter): Name = "Contact_5"; Value = "VCC"; VariantName = "[No Variations]"
Change component parameters (AddParameter): Name = "Contact_6"; Value = "GND"; VariantName = "[No Variations]"
Change component parameters (AddParameter): Name = "Name"; Value = "DS1069-6M (CWF-6)"; VariantName = "[No Variations]"
Added Component: Designator=VD4(DO-214AA)
Add component (AddParameter): Name = "Manufacturer"; Value = ""; VariantName = "[No Variations]"
Add component (AddParameter): Name = "Name"; Value = "MBRS2100"; VariantName = "[No Variations]"
Added Component: Designator=VD5(DO-214AA)
Add component (AddParameter): Name = "Manufacturer"; Value = ""; VariantName = "[No Variations]"
Add component (AddParameter): Name = "Name"; Value = "MBRS2100"; VariantName = "[No Variations]"
Added Component: Designator=VD6(DO-214AA)
Add component (AddParameter): Name = "Manufacturer"; Value = ""; VariantName = "[No Variations]"
Add component (AddParameter): Name = "Name"; Value = "MBRS2100"; VariantName = "[No Variations]"
Added Component: Designator=VD7(DO-214AA)
Add component (AddParameter): Name = "Manufacturer"; Value = ""; VariantName = "[No Variations]"
Add component (AddParameter): Name = "Name"; Value = "MBRS2100"; VariantName = "[No Variations]"
Added Component: Designator=VD8(DO-214AA)
Add component (AddParameter): Name = "Manufacturer"; Value = ""; VariantName = "[No Variations]"
Add component (AddParameter): Name = "Name"; Value = "MBRS2100"; VariantName = "[No Variations]"
Added Component: Designator=VD9(DO-214AA)
Add component (AddParameter): Name = "Manufacturer"; Value = ""; VariantName = "[No Variations]"
Add component (AddParameter): Name = "Name"; Value = "MBRS2100"; VariantName = "[No Variations]"
Added Component: Designator=VD10(DO-214AA)
Add component (AddParameter): Name = "Manufacturer"; Value = ""; VariantName = "[No Variations]"
Add component (AddParameter): Name = "Name"; Value = "MBRS2100"; VariantName = "[No Variations]"
Added Component: Designator=VD11(DO-214AA)
Add component (AddParameter): Name = "Manufacturer"; Value = ""; VariantName = "[No Variations]"
Add component (AddParameter): Name = "Name"; Value = "MBRS2100"; VariantName = "[No Variations]"
Added Component: Designator=VD12(DO-214AA)
Add component (AddParameter): Name = "Manufacturer"; Value = ""; VariantName = "[No Variations]"
Add component (AddParameter): Name = "Name"; Value = "MBRS2100"; VariantName = "[No Variations]"
Added Component: Designator=VD13(DO-214AA)
Add component (AddParameter): Name = "Manufacturer"; Value = ""; VariantName = "[No Variations]"
Add component (AddParameter): Name = "Name"; Value = "MBRS2100"; VariantName = "[No Variations]"
Added Component: Designator=VD14(DO-214AA)
Add component (AddParameter): Name = "Manufacturer"; Value = ""; VariantName = "[No Variations]"
Add component (AddParameter): Name = "Name"; Value = "MBRS2100"; VariantName = "[No Variations]"
Added Component: Designator=VD15(DO-214AA)
Add component (AddParameter): Name = "Manufacturer"; Value = ""; VariantName = "[No Variations]"
Add component (AddParameter): Name = "Name"; Value = "MBRS2100"; VariantName = "[No Variations]"
Added Component: Designator=VD16(DO-214AA)
Add component (AddParameter): Name = "Manufacturer"; Value = ""; VariantName = "[No Variations]"
Add component (AddParameter): Name = "Name"; Value = "MBRS2100"; VariantName = "[No Variations]"
Added Component: Designator=VD17(DO-214AA)
Add component (AddParameter): Name = "Manufacturer"; Value = ""; VariantName = "[No Variations]"
Add component (AddParameter): Name = "Name"; Value = "MBRS2100"; VariantName = "[No Variations]"
Added Component: Designator=VD18(DO-214AA)
Add component (AddParameter): Name = "Manufacturer"; Value = ""; VariantName = "[No Variations]"
Add component (AddParameter): Name = "Name"; Value = "MBRS2100"; VariantName = "[No Variations]"
Added Component: Designator=VD19(DO-214AA)
Add component (AddParameter): Name = "Manufacturer"; Value = ""; VariantName = "[No Variations]"
Add component (AddParameter): Name = "Name"; Value = "MBRS2100"; VariantName = "[No Variations]"
Add component: Footprint Not Found Arduino Mega Pro
Added Component: Designator=X11(CWF-6)
Add component (AddParameter): Name = "Contact_1"; Value = "MOT1"; VariantName = "[No Variations]"
Add component (AddParameter): Name = "Contact_2"; Value = "MOT2"; VariantName = "[No Variations]"
Add component (AddParameter): Name = "Contact_3"; Value = "ENC1"; VariantName = "[No Variations]"
Add component (AddParameter): Name = "Contact_4"; Value = "ENC2"; VariantName = "[No Variations]"
Add component (AddParameter): Name = "Contact_5"; Value = "VCC"; VariantName = "[No Variations]"
Add component (AddParameter): Name = "Contact_6"; Value = "GND"; VariantName = "[No Variations]"
Add component (AddParameter): Name = "Name"; Value = "DS1069-6M (CWF-6)"; VariantName = "[No Variations]"
Added Component: Designator=X12(CWF-6)
Add component (AddParameter): Name = "Contact_1"; Value = "MOT1"; VariantName = "[No Variations]"
Add component (AddParameter): Name = "Contact_2"; Value = "MOT2"; VariantName = "[No Variations]"
Add component (AddParameter): Name = "Contact_3"; Value = "ENC1"; VariantName = "[No Variations]"
Add component (AddParameter): Name = "Contact_4"; Value = "ENC2"; VariantName = "[No Variations]"
Add component (AddParameter): Name = "Contact_5"; Value = "VCC"; VariantName = "[No Variations]"
Add component (AddParameter): Name = "Contact_6"; Value = "GND"; VariantName = "[No Variations]"
Add component (AddParameter): Name = "Name"; Value = "DS1069-6M (CWF-6)"; VariantName = "[No Variations]"
Added Pin To Net: NetName=Vbat Pin=C1-2
Added Pin To Net: NetName=Vbat Pin=C3-2
Added Pin To Net: NetName=Vbat Pin=DA3-6
Added Pin To Net: NetName=Vbat Pin=DA4-6
Added Pin To Net: NetName=GND Pin=VD4-2
Added Pin To Net: NetName=Vbat Pin=VD5-1
Added Pin To Net: NetName=GND Pin=VD6-2
Added Pin To Net: NetName=Vbat Pin=VD7-1
Added Pin To Net: NetName=GND Pin=VD8-2
Added Pin To Net: NetName=Vbat Pin=VD9-1
Added Pin To Net: NetName=GND Pin=VD10-2
Added Pin To Net: NetName=Vbat Pin=VD11-1
Added Pin To Net: NetName=GND Pin=VD12-2
Added Pin To Net: NetName=Vbat Pin=VD13-1
Added Pin To Net: NetName=GND Pin=VD14-2
Added Pin To Net: NetName=Vbat Pin=VD15-1
Added Pin To Net: NetName=GND Pin=VD16-2
Added Pin To Net: NetName=Vbat Pin=VD17-1
Added Pin To Net: NetName=GND Pin=VD18-2
Added Pin To Net: NetName=Vbat Pin=VD19-1
Added Pin To Net: NetName=MOSI Pin=X3-1
Added Pin To Net: NetName=MISO Pin=X3-2
Added Pin To Net: NetName=SCK Pin=X3-5
Added Pin To Net: NetName=CS Pin=X3-6
Added Pin To Net: NetName=+5B Pin=X5-5
Added Pin To Net: NetName=GND Pin=X5-6
Added Pin To Net: NetName=ENC1B Pin=X6-3
Added Pin To Net: NetName=ENC2B Pin=X6-4
Added Pin To Net: NetName=+5B Pin=X6-5
Added Pin To Net: NetName=GND Pin=X6-6
Add Pin To Net: Unknown Pin: Pin X10-71
Add Pin To Net: Unknown Pin: Pin X10-72
Add Pin To Net: Unknown Pin: Pin X10-73
Add Pin To Net: Unknown Pin: Pin X10-74
Add Pin To Net: Unknown Pin: Pin X10-75
Add Pin To Net: Unknown Pin: Pin X10-76
Added Pin To Net: NetName=ENC1C Pin=X11-3
Added Pin To Net: NetName=ENC2C Pin=X11-4
Added Pin To Net: NetName=+5B Pin=X11-5
Added Pin To Net: NetName=GND Pin=X11-6
Added Pin To Net: NetName=ENC1D Pin=X12-3
Added Pin To Net: NetName=ENC2D Pin=X12-4
Added Pin To Net: NetName=+5B Pin=X12-5
Added Pin To Net: NetName=GND Pin=X12-6
Added Pin To Net: NetName=ENC1A Pin=X5-3
Added Net: Name=ENC1A
Added Pin To Net: NetName=ENC2A Pin=X5-4
Added Net: Name=ENC2A
Added Pin To Net: NetName=MOT1A Pin=DA3-4
Added Pin To Net: NetName=MOT1A Pin=DA4-4
Added Pin To Net: NetName=MOT1A Pin=VD6-1
Added Pin To Net: NetName=MOT1A Pin=VD7-2
Added Pin To Net: NetName=MOT1A Pin=VD14-1
Added Pin To Net: NetName=MOT1A Pin=VD15-2
Added Pin To Net: NetName=MOT1A Pin=X5-1
Added Net: Name=MOT1A
Added Pin To Net: NetName=MOT1B Pin=DA3-16
Added Pin To Net: NetName=MOT1B Pin=DA4-16
Added Pin To Net: NetName=MOT1B Pin=VD10-1
Added Pin To Net: NetName=MOT1B Pin=VD11-2
Added Pin To Net: NetName=MOT1B Pin=VD18-1
Added Pin To Net: NetName=MOT1B Pin=VD19-2
Added Pin To Net: NetName=MOT1B Pin=X6-1
Added Net: Name=MOT1B
Added Pin To Net: NetName=MOT1C Pin=X11-1
Added Net: Name=MOT1C
Added Pin To Net: NetName=MOT1D Pin=X12-1
Added Net: Name=MOT1D
Added Pin To Net: NetName=MOT2A Pin=DA3-5
Added Pin To Net: NetName=MOT2A Pin=DA4-5
Added Pin To Net: NetName=MOT2A Pin=VD4-1
Added Pin To Net: NetName=MOT2A Pin=VD5-2
Added Pin To Net: NetName=MOT2A Pin=VD12-1
Added Pin To Net: NetName=MOT2A Pin=VD13-2
Added Pin To Net: NetName=MOT2A Pin=X5-2
Added Net: Name=MOT2A
Added Pin To Net: NetName=MOT2B Pin=DA3-17
Added Pin To Net: NetName=MOT2B Pin=DA4-17
Added Pin To Net: NetName=MOT2B Pin=VD8-1
Added Pin To Net: NetName=MOT2B Pin=VD9-2
Added Pin To Net: NetName=MOT2B Pin=VD16-1
Added Pin To Net: NetName=MOT2B Pin=VD17-2
Added Pin To Net: NetName=MOT2B Pin=X6-2
Added Net: Name=MOT2B
Added Pin To Net: NetName=MOT2C Pin=X11-2
Added Net: Name=MOT2C
Added Pin To Net: NetName=MOT2D Pin=X12-2
Added Net: Name=MOT2D
Added Member To Class: ClassName=Ý3_1 Member=Component C1 100
Added Member To Class: ClassName=Ý3_1 Member=Component C2 100
Added Member To Class: ClassName=Ý3_1 Member=Component C3 100
Added Member To Class: ClassName=Ý3_1 Member=Component C4 100
Added Member To Class: ClassName=Ý3_1 Member=Component DA3 L298
Added Member To Class: ClassName=Ý3_1 Member=Component DA4 L298
Added Member To Class: ClassName=Ý3_1 Member=Component VD4 MBRS2100
Added Member To Class: ClassName=Ý3_1 Member=Component VD5 MBRS2100
Added Member To Class: ClassName=Ý3_1 Member=Component VD6 MBRS2100
Added Member To Class: ClassName=Ý3_1 Member=Component VD7 MBRS2100
Added Member To Class: ClassName=Ý3_1 Member=Component VD8 MBRS2100
Added Member To Class: ClassName=Ý3_1 Member=Component VD9 MBRS2100
Added Member To Class: ClassName=Ý3_1 Member=Component VD10 MBRS2100
Added Member To Class: ClassName=Ý3_1 Member=Component VD11 MBRS2100
Added Member To Class: ClassName=Ý3_1 Member=Component VD12 MBRS2100
Added Member To Class: ClassName=Ý3_1 Member=Component VD13 MBRS2100
Added Member To Class: ClassName=Ý3_1 Member=Component VD14 MBRS2100
Added Member To Class: ClassName=Ý3_1 Member=Component VD15 MBRS2100
Added Member To Class: ClassName=Ý3_1 Member=Component VD16 MBRS2100
Added Member To Class: ClassName=Ý3_1 Member=Component VD17 MBRS2100
Added Member To Class: ClassName=Ý3_1 Member=Component VD18 MBRS2100
Added Member To Class: ClassName=Ý3_1 Member=Component VD19 MBRS2100
Added Member To Class: ClassName=Ý3_2 Member=Component X7 Logic Conventor
Add Class Member: Failed to add class member : Component X10 Arduino Mega Pro
Added Member To Class: ClassName=Ý3_1 Member=Component X11 DS1069-6M (CWF-6)
Added Member To Class: ClassName=Ý3_1 Member=Component X12 DS1069-6M (CWF-6)
