Removed Pin From Net: NetName=+5B Pin=DD1-14
Removed Pin From Net: NetName=GND Pin=X2-73
Removed Pin From Net: NetName=GND Pin=X2-74
Removed Pin From Net: NetName=+5B Pin=X2-75
Removed Pin From Net: NetName=+5B Pin=X2-76
Removed Pin From Net: NetName=Vbat Pin=X4-1
Removed Pin From Net: NetName=GND Pin=X4-2
Removed Pin From Net: NetName=MOSI_nRF Pin=X12-1
Removed Pin From Net: NetName=MISO_nRF Pin=X12-2
Removed Pin From Net: NetName=SCK_nRF Pin=X12-3
Removed Pin From Net: NetName=CS_nRF_D Pin=X12-4
Removed Pin From Net: NetName=+3B3 Pin=X12-5
Removed Pin From Net: NetName=GND Pin=X12-6
Removed Member From Class: ClassName=Э3 Member=DD1
Change Component Footprint: Designator=X12 Old Footprint=MW-6M New Footprint=MW-2M
Change Footprint: Footprint Not Found Arduino Mega Pro
Change Component Comment : Designator=X12 Old Comment=DS1066-06M (MW-6M) New Comment=DS1066-02M (MW-2M)
Change Component Comment : Designator=X4 Old Comment=XT30 New Comment=Arduino Mega Pro
Change component parameters: Designator = "X4" ("X4"); Footprint = "XT30 - duplicate"; UniqueID = "\LIMYDIEE" ("\LIMYDIEE")
Change component parameters (AddParameter): Name = "Name"; Value = "Arduino Mega Pro"; VariantName = "[No Variations]"
Change component parameters: Designator = "X12" ("X12"); Footprint = "MW-6M"; UniqueID = "\XZWORFLS" ("\XZWORFLS")
Change component parameters (AddParameter): Name = "Contact_1"; Value = "Contact_1"; VariantName = "[No Variations]"
Change component parameters (AddParameter): Name = "Contact_2"; Value = "Contact_2"; VariantName = "[No Variations]"
Change component parameters (AddParameter): Name = "Name"; Value = "DS1066-02M (MW-2M)"; VariantName = "[No Variations]"
Added Component: Designator=R1(R0603)
Add component (AddParameter): Name = "Manufacturer"; Value = "YAGEO"; VariantName = "[No Variations]"
Add component (AddParameter): Name = "Name"; Value = "RC0603FR-071KL"; VariantName = "[No Variations]"
Add component (AddParameter): Name = "Tolerance"; Value = "1%"; VariantName = "[No Variations]"
Add component (AddParameter): Name = "Value"; Value = "1к"; VariantName = "[No Variations]"
Added Component: Designator=R2(R0603)
Add component (AddParameter): Name = "Manufacturer"; Value = "YAGEO"; VariantName = "[No Variations]"
Add component (AddParameter): Name = "Name"; Value = "RC0603FR-071KL"; VariantName = "[No Variations]"
Add component (AddParameter): Name = "Tolerance"; Value = "1%"; VariantName = "[No Variations]"
Add component (AddParameter): Name = "Value"; Value = "1к"; VariantName = "[No Variations]"
Added Component: Designator=R3(R0603)
Add component (AddParameter): Name = "Manufacturer"; Value = "YAGEO"; VariantName = "[No Variations]"
Add component (AddParameter): Name = "Name"; Value = "RC0603FR-071KL"; VariantName = "[No Variations]"
Add component (AddParameter): Name = "Tolerance"; Value = "1%"; VariantName = "[No Variations]"
Add component (AddParameter): Name = "Value"; Value = "1к"; VariantName = "[No Variations]"
Added Component: Designator=R4(R0603)
Add component (AddParameter): Name = "Manufacturer"; Value = "YAGEO"; VariantName = "[No Variations]"
Add component (AddParameter): Name = "Name"; Value = "RC0603FR-071KL"; VariantName = "[No Variations]"
Add component (AddParameter): Name = "Tolerance"; Value = "1%"; VariantName = "[No Variations]"
Add component (AddParameter): Name = "Value"; Value = "1к"; VariantName = "[No Variations]"
Added Component: Designator=VD1(VD0603)
Add component (AddParameter): Name = "Name"; Value = "Зеленый светодиод"; VariantName = "[No Variations]"
Added Component: Designator=VD2(VD0603)
Add component (AddParameter): Name = "Name"; Value = "Синий светодиод"; VariantName = "[No Variations]"
Added Component: Designator=VD3(VD0603)
Add component (AddParameter): Name = "Name"; Value = "Красный светодиод"; VariantName = "[No Variations]"
Added Component: Designator=X13(XT30 - duplicate)
Add component (AddParameter): Name = "Contact_1"; Value = "Vbat"; VariantName = "[No Variations]"
Add component (AddParameter): Name = "Contact_2"; Value = "GND"; VariantName = "[No Variations]"
Add component (AddParameter): Name = "Name"; Value = "XT30"; VariantName = "[No Variations]"
Added Component: Designator=X15(MW-6M)
Add component (AddParameter): Name = "Contact_1"; Value = "MOSI"; VariantName = "[No Variations]"
Add component (AddParameter): Name = "Contact_2"; Value = "MISO"; VariantName = "[No Variations]"
Add component (AddParameter): Name = "Contact_3"; Value = "SCK"; VariantName = "[No Variations]"
Add component (AddParameter): Name = "Contact_4"; Value = "CS"; VariantName = "[No Variations]"
Add component (AddParameter): Name = "Contact_5"; Value = "VCC"; VariantName = "[No Variations]"
Add component (AddParameter): Name = "Contact_6"; Value = "GND"; VariantName = "[No Variations]"
Add component (AddParameter): Name = "Name"; Value = "DS1066-06M (MW-6M)"; VariantName = "[No Variations]"
Add Pin To Net: Unknown Pin: Pin DA1-1
Add Pin To Net: Unknown Pin: Pin DA1-3
Add Pin To Net: Unknown Pin: Pin DA1-4
Add Pin To Net: Unknown Pin: Pin DA2-1
Add Pin To Net: Unknown Pin: Pin DA2-2
Add Pin To Net: Unknown Pin: Pin DA2-3
Add Pin To Net: Unknown Pin: Pin DA2-4
Added Pin To Net: NetName=GND Pin=R1-2
Added Pin To Net: NetName=GND Pin=VD1-2
Added Pin To Net: NetName=GND Pin=VD2-2
Added Pin To Net: NetName=GND Pin=VD3-2
Add Pin To Net: Unknown Pin: Pin X4-73
Add Pin To Net: Unknown Pin: Pin X4-74
Add Pin To Net: Unknown Pin: Pin X11-1
Add Pin To Net: Unknown Pin: Pin X11-2
Add Pin To Net: Unknown Pin: Pin X11-3
Add Pin To Net: Unknown Pin: Pin X11-4
Add Pin To Net: Unknown Pin: Pin X11-5
Add Pin To Net: Unknown Pin: Pin X11-6
Added Pin To Net: NetName=Vbat Pin=X13-1
Added Pin To Net: NetName=GND Pin=X13-2
Add Pin To Net: Unknown Pin: Pin X14-7
Add Pin To Net: Unknown Pin: Pin X14-8
Add Pin To Net: Unknown Pin: Pin X14-9
Add Pin To Net: Unknown Pin: Pin X14-10
Add Pin To Net: Unknown Pin: Pin X14-11
Add Pin To Net: Unknown Pin: Pin X14-12
Added Pin To Net: NetName=MOSI_nRF Pin=X15-1
Added Pin To Net: NetName=MISO_nRF Pin=X15-2
Added Pin To Net: NetName=SCK_nRF Pin=X15-3
Added Pin To Net: NetName=CS_nRF_D Pin=X15-4
Added Pin To Net: NetName=+3B3 Pin=X15-5
Added Pin To Net: NetName=GND Pin=X15-6
Added Pin To Net: NetName=+5B_Logic Pin=DD1-14
Added Net: Name=+5B_Logic
Added Pin To Net: NetName=LED1 Pin=R2-2
Added Net: Name=LED1
Added Pin To Net: NetName=LED2 Pin=R3-2
Added Net: Name=LED2
Added Pin To Net: NetName=LED3 Pin=R4-2
Added Net: Name=LED3
Added Pin To Net: NetName=LED Pin=X12-1
Added Net: Name=LED
Added Pin To Net: NetName=NetR1_1 Pin=R1-1
Added Pin To Net: NetName=NetR1_1 Pin=X12-2
Added Net: Name=NetR1_1
Added Pin To Net: NetName=NetR2_1 Pin=R2-1
Added Pin To Net: NetName=NetR2_1 Pin=VD1-1
Added Net: Name=NetR2_1
Added Pin To Net: NetName=NetR3_1 Pin=R3-1
Added Pin To Net: NetName=NetR3_1 Pin=VD2-1
Added Net: Name=NetR3_1
Added Pin To Net: NetName=NetR4_1 Pin=R4-1
Added Pin To Net: NetName=NetR4_1 Pin=VD3-1
Added Net: Name=NetR4_1
Added Net: Name=NetX4_71
Change Class Name : Old Net Name=Э3 New Net Name=Э3_1
Added Class: Name=Э3_2
Added Member To Class: ClassName=Э3_1 Member=Component R1 1к
Added Member To Class: ClassName=Э3_1 Member=Component R2 1к
Added Member To Class: ClassName=Э3_1 Member=Component R3 1к
Added Member To Class: ClassName=Э3_1 Member=Component R4 1к
Added Member To Class: ClassName=Э3_1 Member=Component VD1 Зеленый светодиод
Added Member To Class: ClassName=Э3_1 Member=Component VD2 Синий светодиод
Added Member To Class: ClassName=Э3_1 Member=Component VD3 Красный светодиод
Add Class Member: Failed to add class member : Component X11 Logic Conventor
Added Rule: Name=Schematic Supply Nets_4
