Removed Pin From Net: NetName=MISO Pin=X2-50
Removed Pin From Net: NetName=MOSI Pin=X2-51
Removed Pin From Net: NetName=SCK Pin=X2-52
Removed Pin From Net: NetName=CS Pin=X2-53
Removed Pin From Net: NetName=MOSI Pin=X?-1
Removed Pin From Net: NetName=MISO Pin=X?-2
Removed Pin From Net: NetName=+5B Pin=X?-3
Removed Pin From Net: NetName=GND Pin=X?-4
Removed Pin From Net: NetName=SCK Pin=X?-5
Removed Pin From Net: NetName=CS Pin=X?-6
Removed Member From Class: ClassName=Ý3_2 Member=X7
Removed Member From Class: ClassName=Ý3_1 Member=X?
Change Component Designator: OldDesignator=DA1 NewDesignator=DA3
Change Component Designator: OldDesignator=DA2 NewDesignator=DA4
Change Component Designator: OldDesignator=DA3 NewDesignator=DA1
Change Component Designator: OldDesignator=DA4 NewDesignator=DA2
Change Component Designator: OldDesignator=VD1 NewDesignator=VD5
Change Component Designator: OldDesignator=VD2 NewDesignator=VD10
Change Component Designator: OldDesignator=VD3 NewDesignator=VD12
Change Component Designator: OldDesignator=VD4 NewDesignator=VD1
Change Component Designator: OldDesignator=VD5 NewDesignator=VD2
Change Component Designator: OldDesignator=VD6 NewDesignator=VD3
Change Component Designator: OldDesignator=VD7 NewDesignator=VD4
Change Component Designator: OldDesignator=VD8 NewDesignator=VD6
Change Component Designator: OldDesignator=VD9 NewDesignator=VD7
Change Component Designator: OldDesignator=VD10 NewDesignator=VD8
Change Component Designator: OldDesignator=VD11 NewDesignator=VD9
Change Component Designator: OldDesignator=VD12 NewDesignator=VD11
Change Component Designator: OldDesignator=X1 NewDesignator=X2
Change Component Designator: OldDesignator=X4 NewDesignator=X5
Change Component Designator: OldDesignator=X5 NewDesignator=X3
Change Component Designator: OldDesignator=X6 NewDesignator=X4
Change Component Designator: OldDesignator=X7 NewDesignator=X6
Change Component Designator: OldDesignator=X8 NewDesignator=X9
Change Component Designator: OldDesignator=X9 NewDesignator=X10
Change Component Designator: OldDesignator=X11 NewDesignator=X7
Change Component Designator: OldDesignator=X12 NewDesignator=X8
Add component: Footprint Not Found Arduino Mega Pro
Add Pin To Net: Unknown Pin: Pin X1-50
Add Pin To Net: Unknown Pin: Pin X1-51
Add Pin To Net: Unknown Pin: Pin X1-52
Add Pin To Net: Unknown Pin: Pin X1-53
Add Pin To Net: Unknown Pin: Pin X1-73
Add Pin To Net: Unknown Pin: Pin X1-74
Add Pin To Net: Unknown Pin: Pin X1-75
Add Pin To Net: Unknown Pin: Pin X1-76
Added Pin To Net: NetName=MOSI Pin=X6-1
Added Pin To Net: NetName=MISO Pin=X6-2
Added Pin To Net: NetName=+5B Pin=X6-3
Added Pin To Net: NetName=GND Pin=X6-4
Added Pin To Net: NetName=SCK Pin=X6-5
Added Pin To Net: NetName=CS Pin=X6-6
Added Net: Name=NetX1_71
Added Member To Class: ClassName=Ý3_1 Member=Component X5 DS1066-02M (MW-2M)
