Removed Member From Class: ClassName=Ý3_2 Member=X4
Change Component Footprint: Designator=X2 Old Footprint=XT30 - DUPLICATE New Footprint=Arduino Mega Pro Mini
Added Pin To Net: NetName=MISO Pin=X2-50
Added Pin To Net: NetName=MOSI Pin=X2-51
Added Pin To Net: NetName=SCK Pin=X2-52
Added Pin To Net: NetName=CS Pin=X2-53
Added Pin To Net: NetName=NetX2_71 Pin=X2-71
Added Pin To Net: NetName=NetX2_71 Pin=X2-72
Added Pin To Net: NetName=GND Pin=X2-73
Added Pin To Net: NetName=GND Pin=X2-74
Added Pin To Net: NetName=+5B_Logic Pin=X2-75
Added Pin To Net: NetName=+5B_Logic Pin=X2-76
Add Pin To Net: Unknown Pin: Pin X7-1
Add Pin To Net: Unknown Pin: Pin X7-2
Add Pin To Net: Unknown Pin: Pin X7-3
Add Pin To Net: Unknown Pin: Pin X7-4
Add Pin To Net: Unknown Pin: Pin X7-5
Add Pin To Net: Unknown Pin: Pin X7-6
Add Pin To Net: Unknown Pin: Pin X7-7
Add Pin To Net: Unknown Pin: Pin X7-8
Add Pin To Net: Unknown Pin: Pin X7-9
Add Pin To Net: Unknown Pin: Pin X7-10
Add Pin To Net: Unknown Pin: Pin X7-11
Add Pin To Net: Unknown Pin: Pin X7-12
Added Member To Class: ClassName=Ý3_1 Member=Component X2 Arduino Mega Pro
Added Member To Class: ClassName=Ý3_1 Member=Component X4 DS1066-02M (MW-2M)
Add Class Member: Failed to add class member : Component X7 Logic Conventor
Added Member To Class: ClassName=Ý3_1 Member=Component X8 DS1069-4M (CWF-4)
Added Member To Class: ClassName=Ý3_1 Member=Component X10 DS1066-04M (MW-4M)
Added Member To Class: ClassName=Ý3_2 Member=Component X12 XT30
