Removed Pin From Net: NetName=Vbat Pin=R1-1
Removed Pin From Net: NetName=Voltage Pin=X7-63
Change component parameters: Designator = "X12" ("X12"); Footprint = "MW-2M"; UniqueID = "\QKCFDUFL" ("\QKCFDUFL")
Change component parameters (AddParameter): Name = "Contact_1"; Value = "Singal"; VariantName = "[No Variations]"
Change component parameters (AddParameter): Name = "Contact_2"; Value = "GND"; VariantName = "[No Variations]"
Change component parameters (AddParameter): Name = "Name"; Value = "DS1066-02M (MW-2M)"; VariantName = "[No Variations]"
Change component parameters: Designator = "X16" ("X16"); Footprint = "CWF-4"; UniqueID = "\KJMRRHYW" ("\KJMRRHYW")
Change component parameters (AddParameter): Name = "Contact_1"; Value = "SDA"; VariantName = "[No Variations]"
Change component parameters (AddParameter): Name = "Contact_2"; Value = "SCL"; VariantName = "[No Variations]"
Change component parameters (AddParameter): Name = "Contact_3"; Value = "VCC"; VariantName = "[No Variations]"
Change component parameters (AddParameter): Name = "Contact_4"; Value = "GND"; VariantName = "[No Variations]"
Change component parameters (AddParameter): Name = "Name"; Value = "DS1069-4M (CWF-4)"; VariantName = "[No Variations]"
Added Pin To Net: NetName=RX Pin=X1-2
Added Pin To Net: NetName=RX Pin=X7-31
Added Net: Name=RX
Added Pin To Net: NetName=TX Pin=X1-1
Added Pin To Net: NetName=TX Pin=X7-30
Added Net: Name=TX
Added Member To Class: ClassName=Ý3_2 Member=Component R1 30ê
Added Member To Class: ClassName=Ý3_2 Member=Component R2 10ê
Added Member To Class: ClassName=Ý3_1 Member=Component R3 10ê
Added Member To Class: ClassName=Ý3_1 Member=Component R6 10ê
Added Member To Class: ClassName=Ý3_1 Member=Component R7 1ê
