Removed Pin From Net: NetName=IN1C Pin=X7-1
Removed Pin From Net: NetName=IN2C Pin=X7-2
Removed Pin From Net: NetName=ENC1C Pin=X9-1
Removed Pin From Net: NetName=ENC2C Pin=X9-2
Added Component: Designator=X12(MW-6M)
Add component (AddParameter): Name = "Contact_1"; Value = "MOSI"; VariantName = "[No Variations]"
Add component (AddParameter): Name = "Contact_2"; Value = "MISO"; VariantName = "[No Variations]"
Add component (AddParameter): Name = "Contact_3"; Value = "SCK"; VariantName = "[No Variations]"
Add component (AddParameter): Name = "Contact_4"; Value = "CS"; VariantName = "[No Variations]"
Add component (AddParameter): Name = "Contact_5"; Value = "VCC"; VariantName = "[No Variations]"
Add component (AddParameter): Name = "Contact_6"; Value = "GND"; VariantName = "[No Variations]"
Add component (AddParameter): Name = "Name"; Value = "DS1066-06M (MW-6M)"; VariantName = "[No Variations]"
Add Pin To Net: Unknown Pin: Pin X11-10
Added Pin To Net: NetName=GND Pin=X12-6
Added Pin To Net: NetName=+3B3 Pin=DD1-12
Added Pin To Net: NetName=+3B3 Pin=X12-5
Added Net: Name=+3B3
Added Pin To Net: NetName=CS Pin=DD1-8
Added Pin To Net: NetName=CS Pin=X12-4
Added Net: Name=CS
Added Pin To Net: NetName=ENC1D Pin=X9-1
Added Net: Name=ENC1D
Added Pin To Net: NetName=ENC2D Pin=X9-2
Added Net: Name=ENC2D
Added Pin To Net: NetName=IN1D Pin=X7-1
Added Net: Name=IN1D
Added Pin To Net: NetName=IN2D Pin=X7-2
Added Net: Name=IN2D
Added Pin To Net: NetName=MISO_L Pin=DD1-10
Added Pin To Net: NetName=MISO_L Pin=X12-2
Added Net: Name=MISO_L
Added Pin To Net: NetName=MOSI_L Pin=DD1-11
Added Pin To Net: NetName=MOSI_L Pin=X12-1
Added Net: Name=MOSI_L
Added Pin To Net: NetName=SCK Pin=DD1-9
Added Pin To Net: NetName=SCK Pin=X12-3
Added Net: Name=SCK
Add Class Member: Failed to add class member : Component X11 Logic Conventor
Added Member To Class: ClassName=Ý3 Member=Component X12 DS1066-06M (MW-6M)
Added Rule: Name=Schematic Supply Nets_3
