Change Component Designator: Old Designator=R1 New Designator=R2
Change Component Designator: Old Designator=R2 New Designator=R5
Change Component Designator: Old Designator=R3 New Designator=R6
Change Component Designator: Old Designator=R4 New Designator=R7
Change Component Designator: Old Designator=R? New Designator=R1
Change Component Designator: Old Designator=R? New Designator=R3
Change Component Designator: Old Designator=R? New Designator=R4
Change Component Designator: Old Designator=VD18 New Designator=VD19
Change Component Designator: Old Designator=VD19 New Designator=VD18
Change Component Designator: Old Designator=X2 New Designator=X5
Change Component Designator: Old Designator=X2 New Designator=X5
Change Component Designator: Old Designator=X2 New Designator=X5
Change Component Designator: Old Designator=X2 New Designator=X5
Change Component Designator: Old Designator=X8 New Designator=X10
Change Component Designator: Old Designator=X? New Designator=X2
Change Component Designator: Old Designator=X? New Designator=X3
Change Component Designator: Old Designator=X? New Designator=X4
Change Component Designator: Old Designator=X? New Designator=X6
Change Component Designator: Old Designator=X? New Designator=X7
Change Component Designator: Old Designator=X? New Designator=X8
Change Component Designator: Old Designator=X? New Designator=X9
Change Component Designator: Old Designator=X? New Designator=X11
Change Component Designator: Old Designator=X? New Designator=X1
